Component: ARM Compiler 5.06 update 6 (build 750) Tool: armlink [4d35ed]

==============================================================================

Section Cross References

    system_gd32f30x.o(i.SystemCoreClockUpdate) refers to system_gd32f30x.o(.data) for SystemCoreClock
    system_gd32f30x.o(i.SystemInit) refers to system_gd32f30x.o(i.system_clock_config) for system_clock_config
    system_gd32f30x.o(i.system_clock_config) refers to system_gd32f30x.o(i.system_clock_120m_hxtal) for system_clock_120m_hxtal
    startup_gd32f30x_cl.o(STACK) refers (Special) to heapauxi.o(.text) for __use_two_region_memory
    startup_gd32f30x_cl.o(HEAP) refers (Special) to heapauxi.o(.text) for __use_two_region_memory
    startup_gd32f30x_cl.o(RESET) refers (Special) to heapauxi.o(.text) for __use_two_region_memory
    startup_gd32f30x_cl.o(RESET) refers to startup_gd32f30x_cl.o(STACK) for __initial_sp
    startup_gd32f30x_cl.o(RESET) refers to startup_gd32f30x_cl.o(.text) for Reset_Handler
    startup_gd32f30x_cl.o(RESET) refers to gd32f30x_it.o(i.NMI_Handler) for NMI_Handler
    startup_gd32f30x_cl.o(RESET) refers to context_rvds.o(.text) for HardFault_Handler
    startup_gd32f30x_cl.o(RESET) refers to gd32f30x_it.o(i.MemManage_Handler) for MemManage_Handler
    startup_gd32f30x_cl.o(RESET) refers to gd32f30x_it.o(i.BusFault_Handler) for BusFault_Handler
    startup_gd32f30x_cl.o(RESET) refers to gd32f30x_it.o(i.UsageFault_Handler) for UsageFault_Handler
    startup_gd32f30x_cl.o(RESET) refers to gd32f30x_it.o(i.SVC_Handler) for SVC_Handler
    startup_gd32f30x_cl.o(RESET) refers to gd32f30x_it.o(i.DebugMon_Handler) for DebugMon_Handler
    startup_gd32f30x_cl.o(RESET) refers to board.o(i.SysTick_Handler) for SysTick_Handler
    startup_gd32f30x_cl.o(.text) refers (Special) to heapauxi.o(.text) for __use_two_region_memory
    startup_gd32f30x_cl.o(.text) refers to system_gd32f30x.o(i.SystemInit) for SystemInit
    startup_gd32f30x_cl.o(.text) refers to __main.o(!!!main) for __main
    startup_gd32f30x_cl.o(.text) refers to startup_gd32f30x_cl.o(HEAP) for Heap_Mem
    startup_gd32f30x_cl.o(.text) refers to startup_gd32f30x_cl.o(STACK) for Stack_Mem
    sys.o(i.SysTick_Decrease) refers to sys.o(.data) for g_u32SystickTimer
    sys.o(i.SysTick_Init) refers to gd32f30x_misc.o(i.systick_clksource_set) for systick_clksource_set
    sys.o(i.SysTick_Init) refers to system_gd32f30x.o(.data) for SystemCoreClock
    sys.o(i.SysTick_Init) refers to sys.o(.data) for g_u32SystickTimer
    sys.o(i.delay_ms) refers to sys.o(.data) for g_u32SystickTimer
    gd32f30x_adc.o(i.adc_deinit) refers to gd32f30x_rcu.o(i.rcu_periph_reset_enable) for rcu_periph_reset_enable
    gd32f30x_adc.o(i.adc_deinit) refers to gd32f30x_rcu.o(i.rcu_periph_reset_disable) for rcu_periph_reset_disable
    gd32f30x_bkp.o(i.bkp_deinit) refers to gd32f30x_rcu.o(i.rcu_bkp_reset_enable) for rcu_bkp_reset_enable
    gd32f30x_bkp.o(i.bkp_deinit) refers to gd32f30x_rcu.o(i.rcu_bkp_reset_disable) for rcu_bkp_reset_disable
    gd32f30x_can.o(i.can_debug_freeze_disable) refers to gd32f30x_dbg.o(i.dbg_periph_disable) for dbg_periph_disable
    gd32f30x_can.o(i.can_debug_freeze_enable) refers to gd32f30x_dbg.o(i.dbg_periph_enable) for dbg_periph_enable
    gd32f30x_can.o(i.can_deinit) refers to gd32f30x_rcu.o(i.rcu_periph_reset_enable) for rcu_periph_reset_enable
    gd32f30x_can.o(i.can_deinit) refers to gd32f30x_rcu.o(i.rcu_periph_reset_disable) for rcu_periph_reset_disable
    gd32f30x_can.o(i.can_interrupt_flag_get) refers to gd32f30x_can.o(i.can_receive_message_length_get) for can_receive_message_length_get
    gd32f30x_can.o(i.can_interrupt_flag_get) refers to gd32f30x_can.o(i.can_error_get) for can_error_get
    gd32f30x_ctc.o(i.ctc_deinit) refers to gd32f30x_rcu.o(i.rcu_periph_reset_enable) for rcu_periph_reset_enable
    gd32f30x_ctc.o(i.ctc_deinit) refers to gd32f30x_rcu.o(i.rcu_periph_reset_disable) for rcu_periph_reset_disable
    gd32f30x_dac.o(i.dac_deinit) refers to gd32f30x_rcu.o(i.rcu_periph_reset_enable) for rcu_periph_reset_enable
    gd32f30x_dac.o(i.dac_deinit) refers to gd32f30x_rcu.o(i.rcu_periph_reset_disable) for rcu_periph_reset_disable
    gd32f30x_dma.o(i.dma_channel_disable) refers to gd32f30x_dma.o(i.dma_periph_and_channel_check) for dma_periph_and_channel_check
    gd32f30x_dma.o(i.dma_channel_enable) refers to gd32f30x_dma.o(i.dma_periph_and_channel_check) for dma_periph_and_channel_check
    gd32f30x_dma.o(i.dma_circulation_disable) refers to gd32f30x_dma.o(i.dma_periph_and_channel_check) for dma_periph_and_channel_check
    gd32f30x_dma.o(i.dma_circulation_enable) refers to gd32f30x_dma.o(i.dma_periph_and_channel_check) for dma_periph_and_channel_check
    gd32f30x_dma.o(i.dma_deinit) refers to gd32f30x_dma.o(i.dma_periph_and_channel_check) for dma_periph_and_channel_check
    gd32f30x_dma.o(i.dma_init) refers to gd32f30x_dma.o(i.dma_periph_and_channel_check) for dma_periph_and_channel_check
[...]
    Removing gd32f30x_timer.o(i.timer_counter_alignment), (16 bytes).
    Removing gd32f30x_timer.o(i.timer_counter_down_direction), (10 bytes).
    Removing gd32f30x_timer.o(i.timer_counter_read), (8 bytes).
    Removing gd32f30x_timer.o(i.timer_counter_up_direction), (10 bytes).
    Removing gd32f30x_timer.o(i.timer_counter_value_config), (4 bytes).
    Removing gd32f30x_timer.o(i.timer_deinit), (388 bytes).
    Removing gd32f30x_timer.o(i.timer_disable), (10 bytes).
    Removing gd32f30x_timer.o(i.timer_dma_disable), (8 bytes).
    Removing gd32f30x_timer.o(i.timer_dma_enable), (8 bytes).
    Removing gd32f30x_timer.o(i.timer_dma_transfer_config), (24 bytes).
    Removing gd32f30x_timer.o(i.timer_enable), (10 bytes).
    Removing gd32f30x_timer.o(i.timer_event_software_generate), (8 bytes).
    Removing gd32f30x_timer.o(i.timer_external_clock_mode0_config), (40 bytes).
    Removing gd32f30x_timer.o(i.timer_external_clock_mode1_config), (32 bytes).
    Removing gd32f30x_timer.o(i.timer_external_clock_mode1_disable), (10 bytes).
    Removing gd32f30x_timer.o(i.timer_external_trigger_as_external_clock_config), (166 bytes).
    Removing gd32f30x_timer.o(i.timer_external_trigger_config), (30 bytes).
    Removing gd32f30x_timer.o(i.timer_flag_clear), (6 bytes).
    Removing gd32f30x_timer.o(i.timer_flag_get), (16 bytes).
    Removing gd32f30x_timer.o(i.timer_hall_mode_config), (26 bytes).
    Removing gd32f30x_timer.o(i.timer_init), (152 bytes).
    Removing gd32f30x_timer.o(i.timer_input_capture_config), (326 bytes).
    Removing gd32f30x_timer.o(i.timer_input_pwm_capture_config), (356 bytes).
    Removing gd32f30x_timer.o(i.timer_input_trigger_source_select), (16 bytes).
    Removing gd32f30x_timer.o(i.timer_internal_clock_config), (10 bytes).
    Removing gd32f30x_timer.o(i.timer_internal_trigger_as_external_clock_config), (32 bytes).
    Removing gd32f30x_timer.o(i.timer_interrupt_disable), (8 bytes).
    Removing gd32f30x_timer.o(i.timer_interrupt_enable), (8 bytes).
    Removing gd32f30x_timer.o(i.timer_interrupt_flag_clear), (6 bytes).
    Removing gd32f30x_timer.o(i.timer_interrupt_flag_get), (24 bytes).
    Removing gd32f30x_timer.o(i.timer_master_output_trigger_source_select), (16 bytes).
    Removing gd32f30x_timer.o(i.timer_master_slave_mode_config), (26 bytes).
    Removing gd32f30x_timer.o(i.timer_output_value_selection_config), (34 bytes).
    Removing gd32f30x_timer.o(i.timer_prescaler_config), (14 bytes).
    Removing gd32f30x_timer.o(i.timer_prescaler_read), (10 bytes).
    Removing gd32f30x_timer.o(i.timer_primary_output_config), (24 bytes).
    Removing gd32f30x_timer.o(i.timer_quadrature_decoder_mode_config), (64 bytes).
    Removing gd32f30x_timer.o(i.timer_repetition_value_config), (4 bytes).
    Removing gd32f30x_timer.o(i.timer_single_pulse_mode_config), (26 bytes).
    Removing gd32f30x_timer.o(i.timer_slave_mode_select), (16 bytes).
    Removing gd32f30x_timer.o(i.timer_struct_para_init), (22 bytes).
    Removing gd32f30x_timer.o(i.timer_update_event_disable), (10 bytes).
    Removing gd32f30x_timer.o(i.timer_update_event_enable), (10 bytes).
    Removing gd32f30x_timer.o(i.timer_update_source_config), (26 bytes).
    Removing gd32f30x_timer.o(i.timer_write_chxval_register_config), (34 bytes).
    Removing gd32f30x_usart.o(.rev16_text), (4 bytes).
    Removing gd32f30x_usart.o(.revsh_text), (4 bytes).
    Removing gd32f30x_usart.o(i.usart_address_config), (20 bytes).
    Removing gd32f30x_usart.o(i.usart_baudrate_set), (144 bytes).
    Removing gd32f30x_usart.o(i.usart_block_length_config), (28 bytes).
    Removing gd32f30x_usart.o(i.usart_data_first_config), (20 bytes).
    Removing gd32f30x_usart.o(i.usart_data_receive), (10 bytes).
    Removing gd32f30x_usart.o(i.usart_data_transmit), (8 bytes).
    Removing gd32f30x_usart.o(i.usart_deinit), (144 bytes).
    Removing gd32f30x_usart.o(i.usart_disable), (10 bytes).
    Removing gd32f30x_usart.o(i.usart_dma_receive_config), (20 bytes).
    Removing gd32f30x_usart.o(i.usart_dma_transmit_config), (20 bytes).
    Removing gd32f30x_usart.o(i.usart_enable), (10 bytes).
    Removing gd32f30x_usart.o(i.usart_flag_clear), (18 bytes).
    Removing gd32f30x_usart.o(i.usart_flag_get), (30 bytes).
    Removing gd32f30x_usart.o(i.usart_guard_time_config), (24 bytes).
    Removing gd32f30x_usart.o(i.usart_halfduplex_disable), (10 bytes).
    Removing gd32f30x_usart.o(i.usart_halfduplex_enable), (10 bytes).
    Removing gd32f30x_usart.o(i.usart_hardware_flow_cts_config), (20 bytes).
    Removing gd32f30x_usart.o(i.usart_hardware_flow_rts_config), (20 bytes).
    Removing gd32f30x_usart.o(i.usart_interrupt_disable), (26 bytes).
    Removing gd32f30x_usart.o(i.usart_interrupt_enable), (26 bytes).
    Removing gd32f30x_usart.o(i.usart_interrupt_flag_clear), (18 bytes).
    Removing gd32f30x_usart.o(i.usart_interrupt_flag_get), (56 bytes).
    Removing gd32f30x_usart.o(i.usart_invert_config), (104 bytes).
    Removing gd32f30x_usart.o(i.usart_irda_lowpower_config), (20 bytes).
    Removing gd32f30x_usart.o(i.usart_irda_mode_disable), (10 bytes).
    Removing gd32f30x_usart.o(i.usart_irda_mode_enable), (10 bytes).
    Removing gd32f30x_usart.o(i.usart_lin_break_detection_length_config), (20 bytes).
    Removing gd32f30x_usart.o(i.usart_lin_mode_disable), (10 bytes).
    Removing gd32f30x_usart.o(i.usart_lin_mode_enable), (10 bytes).
    Removing gd32f30x_usart.o(i.usart_mute_mode_disable), (10 bytes).
    Removing gd32f30x_usart.o(i.usart_mute_mode_enable), (10 bytes).
    Removing gd32f30x_usart.o(i.usart_mute_mode_wakeup_config), (16 bytes).
    Removing gd32f30x_usart.o(i.usart_parity_config), (16 bytes).
    Removing gd32f30x_usart.o(i.usart_prescaler_config), (16 bytes).
    Removing gd32f30x_usart.o(i.usart_receive_config), (20 bytes).
    Removing gd32f30x_usart.o(i.usart_receiver_timeout_disable), (14 bytes).
    Removing gd32f30x_usart.o(i.usart_receiver_timeout_enable), (14 bytes).
    Removing gd32f30x_usart.o(i.usart_receiver_timeout_threshold_config), (20 bytes).
    Removing gd32f30x_usart.o(i.usart_send_break), (10 bytes).
    Removing gd32f30x_usart.o(i.usart_smartcard_autoretry_config), (26 bytes).
    Removing gd32f30x_usart.o(i.usart_smartcard_mode_disable), (10 bytes).
    Removing gd32f30x_usart.o(i.usart_smartcard_mode_enable), (10 bytes).
    Removing gd32f30x_usart.o(i.usart_smartcard_mode_nack_disable), (10 bytes).
    Removing gd32f30x_usart.o(i.usart_smartcard_mode_nack_enable), (10 bytes).
    Removing gd32f30x_usart.o(i.usart_stop_bit_set), (16 bytes).
    Removing gd32f30x_usart.o(i.usart_synchronous_clock_config), (34 bytes).
    Removing gd32f30x_usart.o(i.usart_synchronous_clock_disable), (10 bytes).
    Removing gd32f30x_usart.o(i.usart_synchronous_clock_enable), (10 bytes).
    Removing gd32f30x_usart.o(i.usart_transmit_config), (20 bytes).
    Removing gd32f30x_usart.o(i.usart_word_length_set), (16 bytes).
    Removing gd32f30x_wwdgt.o(.rev16_text), (4 bytes).
    Removing gd32f30x_wwdgt.o(.revsh_text), (4 bytes).
    Removing gd32f30x_wwdgt.o(i.wwdgt_config), (28 bytes).
    Removing gd32f30x_wwdgt.o(i.wwdgt_counter_update), (16 bytes).
    Removing gd32f30x_wwdgt.o(i.wwdgt_deinit), (20 bytes).
    Removing gd32f30x_wwdgt.o(i.wwdgt_enable), (20 bytes).
    Removing gd32f30x_wwdgt.o(i.wwdgt_flag_clear), (12 bytes).
    Removing gd32f30x_wwdgt.o(i.wwdgt_flag_get), (24 bytes).
    Removing gd32f30x_wwdgt.o(i.wwdgt_interrupt_enable), (20 bytes).
    Removing cpuport.o(i.rt_hw_cpu_reset), (16 bytes).
    Removing cpuport.o(i.rt_hw_cpu_shutdown), (28 bytes).
    Removing cpuport.o(i.rt_hw_exception_install), (12 bytes).
    Removing clock.o(i.rt_system_tick_init), (2 bytes).
    Removing clock.o(i.rt_tick_from_millisecond), (56 bytes).
    Removing clock.o(i.rt_tick_set), (28 bytes).
    Removing idle.o(i.rt_thread_idle_gethandler), (8 bytes).
    Removing ipc.o(i.rt_ipc_list_resume), (20 bytes).
    Removing ipc.o(i.rt_ipc_list_resume_all), (50 bytes).
    Removing ipc.o(i.rt_ipc_list_suspend), (110 bytes).
    Removing ipc.o(i.rt_ipc_object_init), (16 bytes).
    Removing ipc.o(i.rt_list_init), (6 bytes).
    Removing ipc.o(i.rt_list_insert_before), (14 bytes).
    Removing ipc.o(i.rt_list_isempty), (16 bytes).
    Removing ipc.o(i.rt_mb_control), (66 bytes).
    Removing ipc.o(i.rt_mb_detach), (30 bytes).
    Removing ipc.o(i.rt_mb_init), (62 bytes).
    Removing ipc.o(i.rt_mb_recv), (250 bytes).
    Removing ipc.o(i.rt_mb_send), (18 bytes).
    Removing ipc.o(i.rt_mb_send_wait), (270 bytes).
    Removing ipc.o(i.rt_sem_control), (54 bytes).
    Removing ipc.o(i.rt_sem_detach), (22 bytes).
    Removing ipc.o(i.rt_sem_init), (38 bytes).
    Removing ipc.o(i.rt_sem_release), (82 bytes).
    Removing ipc.o(i.rt_sem_take), (116 bytes).
    Removing ipc.o(i.rt_sem_trytake), (14 bytes).
    Removing irq.o(i.rt_interrupt_get_nest), (28 bytes).
    Removing kservice.o(i._rt_errno), (36 bytes).
    Removing kservice.o(i.rt_get_errno), (36 bytes).
    Removing kservice.o(i.rt_kputs), (18 bytes).
    Removing kservice.o(i.rt_memcmp), (38 bytes).
    Removing kservice.o(i.rt_memcpy), (124 bytes).
    Removing kservice.o(i.rt_memmove), (66 bytes).
    Removing kservice.o(i.rt_set_errno), (40 bytes).
    Removing kservice.o(i.rt_snprintf), (38 bytes).
    Removing kservice.o(i.rt_sprintf), (34 bytes).
    Removing kservice.o(i.rt_strcasecmp), (48 bytes).
    Removing kservice.o(i.rt_strcmp), (28 bytes).
    Removing kservice.o(i.rt_strlen), (18 bytes).
    Removing kservice.o(i.rt_strncmp), (40 bytes).
    Removing kservice.o(i.rt_strnlen), (24 bytes).
    Removing kservice.o(i.rt_strstr), (58 bytes).
    Removing kservice.o(i.rt_vsprintf), (22 bytes).
    Removing kservice.o(.data), (4 bytes).
    Removing object.o(i.rt_object_find), (82 bytes).
    Removing object.o(i.rt_object_get_length), (58 bytes).
    Removing object.o(i.rt_object_get_pointers), (86 bytes).
    Removing object.o(i.rt_object_get_type), (10 bytes).
    Removing object.o(i.rt_system_object_init), (2 bytes).
    Removing scheduler.o(i.rt_critical_level), (12 bytes).
    Removing thread.o(i.rt_thread_control), (130 bytes).
    Removing thread.o(i.rt_thread_delay), (12 bytes).
    Removing thread.o(i.rt_thread_delay_until), (110 bytes).
    Removing thread.o(i.rt_thread_detach), (104 bytes).
    Removing thread.o(i.rt_thread_find), (14 bytes).
    Removing thread.o(i.rt_thread_mdelay), (20 bytes).
    Removing thread.o(i.rt_thread_sleep), (68 bytes).
    Removing thread.o(i.rt_thread_suspend), (68 bytes).
    Removing timer.o(i.rt_timer_control), (98 bytes).
    Removing timer.o(i.rt_timer_list_next_timeout), (44 bytes).
    Removing timer.o(i.rt_timer_next_timeout_tick), (16 bytes).
    Removing main.o(.rev16_text), (4 bytes).
    Removing main.o(.revsh_text), (4 bytes).

816 unused section(s) (total 50960 bytes) removed from the image.

==============================================================================

Image Symbol Table

    Local Symbols

    Symbol Name                              Value     Ov Type        Size  Object(Section)

    ../clib/angel/boardlib.s                 0x00000000   Number         0  boardshut.o ABSOLUTE
    ../clib/angel/boardlib.s                 0x00000000   Number         0  boardinit3.o ABSOLUTE
    ../clib/angel/boardlib.s                 0x00000000   Number         0  boardinit2.o ABSOLUTE
    ../clib/angel/boardlib.s                 0x00000000   Number         0  boardinit1.o ABSOLUTE
    ../clib/angel/handlers.s                 0x00000000   Number         0  __scatter_copy.o ABSOLUTE
    ../clib/angel/handlers.s                 0x00000000   Number         0  __scatter_zi.o ABSOLUTE
    ../clib/angel/kernel.s                   0x00000000   Number         0  __rtentry.o ABSOLUTE
    ../clib/angel/kernel.s                   0x00000000   Number         0  __rtentry4.o ABSOLUTE
    ../clib/angel/kernel.s                   0x00000000   Number         0  __rtentry2.o ABSOLUTE
    ../clib/angel/kernel.s                   0x00000000   Number         0  rtexit2.o ABSOLUTE
    ../clib/angel/kernel.s                   0x00000000   Number         0  rtexit.o ABSOLUTE
    ../clib/angel/rt.s                       0x00000000   Number         0  rt_raise.o ABSOLUTE
    ../clib/angel/rt.s                       0x00000000   Number         0  aeabi_ldiv0.o ABSOLUTE
    ../clib/angel/rt.s                       0x00000000   Number         0  aeabi_ldiv0_sigfpe.o ABSOLUTE
    ../clib/angel/rt.s                       0x00000000   Number         0  rt_div0.o ABSOLUTE
    ../clib/angel/scatter.s                  0x00000000   Number         0  __scatter.o ABSOLUTE
    ../clib/angel/startup.s                  0x00000000   Number         0  __main.o ABSOLUTE
    ../clib/angel/sys.s                      0x00000000   Number         0  sys_stackheap_outer.o ABSOLUTE
    ../clib/angel/sys.s                      0x00000000   Number         0  use_no_semi.o ABSOLUTE
    ../clib/angel/sys.s                      0x00000000   Number         0  indicate_semi.o ABSOLUTE
    ../clib/angel/sys.s                      0x00000000   Number         0  libspace.o ABSOLUTE
    ../clib/angel/sysapp.c                   0x00000000   Number         0  sys_exit.o ABSOLUTE
    ../clib/angel/sysapp.c                   0x00000000   Number         0  sys_wrch.o ABSOLUTE
    ../clib/angel/sysapp.c                   0x00000000   Number         0  sys_command.o ABSOLUTE
    ../clib/armsys.c                         0x00000000   Number         0  argv_veneer.o ABSOLUTE
    ../clib/armsys.c                         0x00000000   Number         0  _get_argv_nomalloc.o ABSOLUTE
    ../clib/armsys.c                         0x00000000   Number         0  no_argv.o ABSOLUTE
    ../clib/armsys.c                         0x00000000   Number         0  argv_veneer.o ABSOLUTE
    ../clib/heapalloc.c                      0x00000000   Number         0  hrguard.o ABSOLUTE
    ../clib/heapaux.c                        0x00000000   Number         0  heapauxi.o ABSOLUTE
    ../clib/libinit.s                        0x00000000   Number         0  libinit.o ABSOLUTE
    ../clib/libinit.s                        0x00000000   Number         0  libinit2.o ABSOLUTE
    ../clib/libinit.s                        0x00000000   Number         0  libshutdown2.o ABSOLUTE
    ../clib/libinit.s                        0x00000000   Number         0  libshutdown.o ABSOLUTE
    ../clib/longlong.s                       0x00000000   Number         0  lludivv7m.o ABSOLUTE
    ../clib/signal.c                         0x00000000   Number         0  defsig_rtmem_formal.o ABSOLUTE
    ../clib/signal.c                         0x00000000   Number         0  defsig_abrt_inner.o ABSOLUTE
    ../clib/signal.c                         0x00000000   Number         0  defsig_rtred_inner.o ABSOLUTE
    ../clib/signal.c                         0x00000000   Number         0  defsig_rtmem_inner.o ABSOLUTE
    ../clib/signal.c                         0x00000000   Number         0  defsig_cppl_inner.o ABSOLUTE
    ../clib/signal.c                         0x00000000   Number         0  defsig_rtmem_outer.o ABSOLUTE
    ../clib/signal.c                         0x00000000   Number         0  defsig_stak_inner.o ABSOLUTE
    ../clib/signal.c                         0x00000000   Number         0  defsig_pvfn_inner.o ABSOLUTE
    ../clib/signal.c                         0x00000000   Number         0  defsig_segv_inner.o ABSOLUTE
    ../clib/signal.c                         0x00000000   Number         0  defsig_other.o ABSOLUTE
    ../clib/signal.c                         0x00000000   Number         0  defsig_general.o ABSOLUTE
    ../clib/signal.c                         0x00000000   Number         0  __raise.o ABSOLUTE
    ../clib/signal.c                         0x00000000   Number         0  defsig_fpe_inner.o ABSOLUTE
    ../clib/signal.c                         0x00000000   Number         0  defsig_exit.o ABSOLUTE
    ../clib/signal.c                         0x00000000   Number         0  defsig_fpe_formal.o ABSOLUTE
    ../clib/signal.c                         0x00000000   Number         0  defsig_fpe_outer.o ABSOLUTE
    ../clib/signal.s                         0x00000000   Number         0  defsig.o ABSOLUTE
    ../clib/stdlib.c                         0x00000000   Number         0  exit.o ABSOLUTE
    ../fplib/fpinit.s                        0x00000000   Number         0  fpinit.o ABSOLUTE
    ..\Code\APP\Src\main.c                   0x00000000   Number         0  main.o ABSOLUTE
    ..\Code\Core\Src\Sys.c                   0x00000000   Number         0  sys.o ABSOLUTE
    ..\Code\Core\Src\gd32f30x_it.c           0x00000000   Number         0  gd32f30x_it.o ABSOLUTE
    ..\Code\Core\Src\system_gd32f30x.c       0x00000000   Number         0  system_gd32f30x.o ABSOLUTE
    ..\Code\Core\startup_gd32f30x_cl.s       0x00000000   Number         0  startup_gd32f30x_cl.o ABSOLUTE
    ..\Code\Lib\GD32F30x_standard_peripheral\Source\gd32f30x_adc.c 0x00000000   Number         0  gd32f30x_adc.o ABSOLUTE
    ..\Code\Lib\GD32F30x_standard_peripheral\Source\gd32f30x_bkp.c 0x00000000   Number         0  gd32f30x_bkp.o ABSOLUTE
    ..\Code\Lib\GD32F30x_standard_peripheral\Source\gd32f30x_can.c 0x00000000   Number         0  gd32f30x_can.o ABSOLUTE
    ..\Code\Lib\GD32F30x_standard_peripheral\Source\gd32f30x_crc.c 0x00000000   Number         0  gd32f30x_crc.o ABSOLUTE
    ..\Code\Lib\GD32F30x_standard_peripheral\Source\gd32f30x_ctc.c 0x00000000   Number         0  gd32f30x_ctc.o ABSOLUTE
    ..\Code\Lib\GD32F30x_standard_peripheral\Source\gd32f30x_dac.c 0x00000000   Number         0  gd32f30x_dac.o ABSOLUTE
    ..\Code\Lib\GD32F30x_standard_peripheral\Source\gd32f30x_dbg.c 0x00000000   Number         0  gd32f30x_dbg.o ABSOLUTE
    ..\Code\Lib\GD32F30x_standard_peripheral\Source\gd32f30x_dma.c 0x00000000   Number         0  gd32f30x_dma.o ABSOLUTE
    ..\Code\Lib\GD32F30x_standard_peripheral\Source\gd32f30x_enet.c 0x00000000   Number         0  gd32f30x_enet.o ABSOLUTE
    ..\Code\Lib\GD32F30x_standard_peripheral\Source\gd32f30x_exmc.c 0x00000000   Number         0  gd32f30x_exmc.o ABSOLUTE
    ..\Code\Lib\GD32F30x_standard_peripheral\Source\gd32f30x_exti.c 0x00000000   Number         0  gd32f30x_exti.o ABSOLUTE
    ..\Code\Lib\GD32F30x_standard_peripheral\Source\gd32f30x_fmc.c 0x00000000   Number         0  gd32f30x_fmc.o ABSOLUTE
    ..\Code\Lib\GD32F30x_standard_peripheral\Source\gd32f30x_fwdgt.c 0x00000000   Number         0  gd32f30x_fwdgt.o ABSOLUTE
    ..\Code\Lib\GD32F30x_standard_peripheral\Source\gd32f30x_gpio.c 0x00000000   Number         0  gd32f30x_gpio.o ABSOLUTE
    ..\Code\Lib\GD32F30x_standard_peripheral\Source\gd32f30x_i2c.c 0x00000000   Number         0  gd32f30x_i2c.o ABSOLUTE
    ..\Code\Lib\GD32F30x_standard_peripheral\Source\gd32f30x_misc.c 0x00000000   Number         0  gd32f30x_misc.o ABSOLUTE
    ..\Code\Lib\GD32F30x_standard_peripheral\Source\gd32f30x_pmu.c 0x00000000   Number         0  gd32f30x_pmu.o ABSOLUTE
    ..\Code\Lib\GD32F30x_standard_peripheral\Source\gd32f30x_rcu.c 0x00000000   Number         0  gd32f30x_rcu.o ABSOLUTE
    ..\Code\Lib\GD32F30x_standard_peripheral\Source\gd32f30x_rtc.c 0x00000000   Number         0  gd32f30x_rtc.o ABSOLUTE
    ..\Code\Lib\GD32F30x_standard_peripheral\Source\gd32f30x_sdio.c 0x00000000   Number         0  gd32f30x_sdio.o ABSOLUTE
    ..\Code\Lib\GD32F30x_standard_peripheral\Source\gd32f30x_spi.c 0x00000000   Number         0  gd32f30x_spi.o ABSOLUTE
    ..\Code\Lib\GD32F30x_standard_peripheral\Source\gd32f30x_timer.c 0x00000000   Number         0  gd32f30x_timer.o ABSOLUTE
    ..\Code\Lib\GD32F30x_standard_peripheral\Source\gd32f30x_usart.c 0x00000000   Number         0  gd32f30x_usart.o ABSOLUTE
    ..\Code\Lib\GD32F30x_standard_peripheral\Source\gd32f30x_wwdgt.c 0x00000000   Number         0  gd32f30x_wwdgt.o ABSOLUTE
    ..\Code\Lib\rt-thread\bsp\board.c        0x00000000   Number         0  board.o ABSOLUTE
    ..\Code\Lib\rt-thread\libcpu\arm\cortex-m4\context_rvds.S 0x00000000   Number         0  context_rvds.o ABSOLUTE
    ..\Code\Lib\rt-thread\libcpu\arm\cortex-m4\cpuport.c 0x00000000   Number         0  cpuport.o ABSOLUTE
    ..\Code\Lib\rt-thread\src\clock.c        0x00000000   Number         0  clock.o ABSOLUTE
    ..\Code\Lib\rt-thread\src\components.c   0x00000000   Number         0  components.o ABSOLUTE
    ..\Code\Lib\rt-thread\src\cpu.c          0x00000000   Number         0  cpu.o ABSOLUTE
    ..\Code\Lib\rt-thread\src\idle.c         0x00000000   Number         0  idle.o ABSOLUTE
    ..\Code\Lib\rt-thread\src\ipc.c          0x00000000   Number         0  ipc.o ABSOLUTE
    ..\Code\Lib\rt-thread\src\irq.c          0x00000000   Number         0  irq.o ABSOLUTE
    ..\Code\Lib\rt-thread\src\kservice.c     0x00000000   Number         0  kservice.o ABSOLUTE
    ..\Code\Lib\rt-thread\src\mem.c          0x00000000   Number         0  mem.o ABSOLUTE
    ..\Code\Lib\rt-thread\src\memheap.c      0x00000000   Number         0  memheap.o ABSOLUTE
    ..\Code\Lib\rt-thread\src\mempool.c      0x00000000   Number         0  mempool.o ABSOLUTE
    ..\Code\Lib\rt-thread\src\object.c       0x00000000   Number         0  object.o ABSOLUTE
    ..\Code\Lib\rt-thread\src\scheduler.c    0x00000000   Number         0  scheduler.o ABSOLUTE
    ..\Code\Lib\rt-thread\src\slab.c         0x00000000   Number         0  slab.o ABSOLUTE
    ..\Code\Lib\rt-thread\src\thread.c       0x00000000   Number         0  thread.o ABSOLUTE
    ..\Code\Lib\rt-thread\src\timer.c        0x00000000   Number         0  timer.o ABSOLUTE
    ..\\Code\\APP\\Src\\main.c               0x00000000   Number         0  main.o ABSOLUTE
    ..\\Code\\Core\\Src\\Sys.c               0x00000000   Number         0  sys.o ABSOLUTE
    ..\\Code\\Core\\Src\\gd32f30x_it.c       0x00000000   Number         0  gd32f30x_it.o ABSOLUTE
    ..\\Code\\Core\\Src\\system_gd32f30x.c   0x00000000   Number         0  system_gd32f30x.o ABSOLUTE
    ..\\Code\\Lib\\GD32F30x_standard_peripheral\\Source\\gd32f30x_adc.c 0x00000000   Number         0  gd32f30x_adc.o ABSOLUTE
    ..\\Code\\Lib\\GD32F30x_standard_peripheral\\Source\\gd32f30x_bkp.c 0x00000000   Number         0  gd32f30x_bkp.o ABSOLUTE
    ..\\Code\\Lib\\GD32F30x_standard_peripheral\\Source\\gd32f30x_can.c 0x00000000   Number         0  gd32f30x_can.o ABSOLUTE
    ..\\Code\\Lib\\GD32F30x_standard_peripheral\\Source\\gd32f30x_crc.c 0x00000000   Number         0  gd32f30x_crc.o ABSOLUTE
    ..\\Code\\Lib\\GD32F30x_standard_peripheral\\Source\\gd32f30x_ctc.c 0x00000000   Number         0  gd32f30x_ctc.o ABSOLUTE
    ..\\Code\\Lib\\GD32F30x_standard_peripheral\\Source\\gd32f30x_dac.c 0x00000000   Number         0  gd32f30x_dac.o ABSOLUTE
    ..\\Code\\Lib\\GD32F30x_standard_peripheral\\Source\\gd32f30x_dbg.c 0x00000000   Number         0  gd32f30x_dbg.o ABSOLUTE
    ..\\Code\\Lib\\GD32F30x_standard_peripheral\\Source\\gd32f30x_dma.c 0x00000000   Number         0  gd32f30x_dma.o ABSOLUTE
    ..\\Code\\Lib\\GD32F30x_standard_peripheral\\Source\\gd32f30x_enet.c 0x00000000   Number         0  gd32f30x_enet.o ABSOLUTE
    ..\\Code\\Lib\\GD32F30x_standard_peripheral\\Source\\gd32f30x_exmc.c 0x00000000   Number         0  gd32f30x_exmc.o ABSOLUTE
    ..\\Code\\Lib\\GD32F30x_standard_peripheral\\Source\\gd32f30x_exti.c 0x00000000   Number         0  gd32f30x_exti.o ABSOLUTE
    ..\\Code\\Lib\\GD32F30x_standard_peripheral\\Source\\gd32f30x_fmc.c 0x00000000   Number         0  gd32f30x_fmc.o ABSOLUTE
    ..\\Code\\Lib\\GD32F30x_standard_peripheral\\Source\\gd32f30x_fwdgt.c 0x00000000   Number         0  gd32f30x_fwdgt.o ABSOLUTE
    ..\\Code\\Lib\\GD32F30x_standard_peripheral\\Source\\gd32f30x_gpio.c 0x00000000   Number         0  gd32f30x_gpio.o ABSOLUTE
    ..\\Code\\Lib\\GD32F30x_standard_peripheral\\Source\\gd32f30x_i2c.c 0x00000000   Number         0  gd32f30x_i2c.o ABSOLUTE
    ..\\Code\\Lib\\GD32F30x_standard_peripheral\\Source\\gd32f30x_misc.c 0x00000000   Number         0  gd32f30x_misc.o ABSOLUTE
    ..\\Code\\Lib\\GD32F30x_standard_peripheral\\Source\\gd32f30x_pmu.c 0x00000000   Number         0  gd32f30x_pmu.o ABSOLUTE
    ..\\Code\\Lib\\GD32F30x_standard_peripheral\\Source\\gd32f30x_rcu.c 0x00000000   Number         0  gd32f30x_rcu.o ABSOLUTE
    ..\\Code\\Lib\\GD32F30x_standard_peripheral\\Source\\gd32f30x_rtc.c 0x00000000   Number         0  gd32f30x_rtc.o ABSOLUTE
    ..\\Code\\Lib\\GD32F30x_standard_peripheral\\Source\\gd32f30x_sdio.c 0x00000000   Number         0  gd32f30x_sdio.o ABSOLUTE
    ..\\Code\\Lib\\GD32F30x_standard_peripheral\\Source\\gd32f30x_spi.c 0x00000000   Number         0  gd32f30x_spi.o ABSOLUTE
    ..\\Code\\Lib\\GD32F30x_standard_peripheral\\Source\\gd32f30x_timer.c 0x00000000   Number         0  gd32f30x_timer.o ABSOLUTE
    ..\\Code\\Lib\\GD32F30x_standard_peripheral\\Source\\gd32f30x_usart.c 0x00000000   Number         0  gd32f30x_usart.o ABSOLUTE
    ..\\Code\\Lib\\GD32F30x_standard_peripheral\\Source\\gd32f30x_wwdgt.c 0x00000000   Number         0  gd32f30x_wwdgt.o ABSOLUTE
    dc.s                                     0x00000000   Number         0  dc.o ABSOLUTE
    RESET                                    0x08000000   Section      336  startup_gd32f30x_cl.o(RESET)
    !!!main                                  0x08000150   Section        8  __main.o(!!!main)
    !!!scatter                               0x08000158   Section       52  __scatter.o(!!!scatter)
    !!handler_copy                           0x0800018c   Section       26  __scatter_copy.o(!!handler_copy)
    !!handler_zi                             0x080001a8   Section       28  __scatter_zi.o(!!handler_zi)
    .ARM.Collect$$libinit$$00000000          0x080001c4   Section        2  libinit.o(.ARM.Collect$$libinit$$00000000)
    .ARM.Collect$$libinit$$00000001          0x080001c6   Section        4  libinit2.o(.ARM.Collect$$libinit$$00000001)
    .ARM.Collect$$libinit$$00000004          0x080001ca   Section        0  libinit2.o(.ARM.Collect$$libinit$$00000004)
    .ARM.Collect$$libinit$$0000000A          0x080001ca   Section        0  libinit2.o(.ARM.Collect$$libinit$$0000000A)
    .ARM.Collect$$libinit$$0000000C          0x080001ca   Section        0  libinit2.o(.ARM.Collect$$libinit$$0000000C)
    .ARM.Collect$$libinit$$0000000E          0x080001ca   Section        0  libinit2.o(.ARM.Collect$$libinit$$0000000E)
    .ARM.Collect$$libinit$$00000011          0x080001ca   Section        0  libinit2.o(.ARM.Collect$$libinit$$00000011)
    .ARM.Collect$$libinit$$00000013          0x080001ca   Section        0  libinit2.o(.ARM.Collect$$libinit$$00000013)
    .ARM.Collect$$libinit$$00000015          0x080001ca   Section        0  libinit2.o(.ARM.Collect$$libinit$$00000015)
    .ARM.Collect$$libinit$$00000017          0x080001ca   Section        0  libinit2.o(.ARM.Collect$$libinit$$00000017)
    .ARM.Collect$$libinit$$00000019          0x080001ca   Section        0  libinit2.o(.ARM.Collect$$libinit$$00000019)
    .ARM.Collect$$libinit$$0000001B          0x080001ca   Section        0  libinit2.o(.ARM.Collect$$libinit$$0000001B)
    .ARM.Collect$$libinit$$0000001D          0x080001ca   Section        0  libinit2.o(.ARM.Collect$$libinit$$0000001D)
    .ARM.Collect$$libinit$$0000001F          0x080001ca   Section        0  libinit2.o(.ARM.Collect$$libinit$$0000001F)
    .ARM.Collect$$libinit$$00000021          0x080001ca   Section        0  libinit2.o(.ARM.Collect$$libinit$$00000021)
    .ARM.Collect$$libinit$$00000023          0x080001ca   Section        0  libinit2.o(.ARM.Collect$$libinit$$00000023)
    .ARM.Collect$$libinit$$00000025          0x080001ca   Section        0  libinit2.o(.ARM.Collect$$libinit$$00000025)
    .ARM.Collect$$libinit$$0000002C          0x080001ca   Section        0  libinit2.o(.ARM.Collect$$libinit$$0000002C)
    .ARM.Collect$$libinit$$0000002E          0x080001ca   Section        0  libinit2.o(.ARM.Collect$$libinit$$0000002E)
    .ARM.Collect$$libinit$$00000030          0x080001ca   Section        0  libinit2.o(.ARM.Collect$$libinit$$00000030)
    .ARM.Collect$$libinit$$00000032          0x080001ca   Section        0  libinit2.o(.ARM.Collect$$libinit$$00000032)
    .ARM.Collect$$libinit$$00000033          0x080001ca   Section        2  libinit2.o(.ARM.Collect$$libinit$$00000033)
    .ARM.Collect$$libshutdown$$00000000      0x080001cc   Section        2  libshutdown.o(.ARM.Collect$$libshutdown$$00000000)
    .ARM.Collect$$libshutdown$$00000002      0x080001ce   Section        0  libshutdown2.o(.ARM.Collect$$libshutdown$$00000002)
    .ARM.Collect$$libshutdown$$00000004      0x080001ce   Section        0  libshutdown2.o(.ARM.Collect$$libshutdown$$00000004)
    .ARM.Collect$$libshutdown$$00000007      0x080001ce   Section        0  libshutdown2.o(.ARM.Collect$$libshutdown$$00000007)
    .ARM.Collect$$libshutdown$$0000000A      0x080001ce   Section        0  libshutdown2.o(.ARM.Collect$$libshutdown$$0000000A)
    .ARM.Collect$$libshutdown$$0000000C      0x080001ce   Section        0  libshutdown2.o(.ARM.Collect$$libshutdown$$0000000C)
    .ARM.Collect$$libshutdown$$0000000F      0x080001ce   Section        0  libshutdown2.o(.ARM.Collect$$libshutdown$$0000000F)
    .ARM.Collect$$libshutdown$$00000010      0x080001ce   Section        2  libshutdown2.o(.ARM.Collect$$libshutdown$$00000010)
    .ARM.Collect$$rtentry$$00000000          0x080001d0   Section        0  __rtentry.o(.ARM.Collect$$rtentry$$00000000)
    .ARM.Collect$$rtentry$$00000002          0x080001d0   Section        0  __rtentry2.o(.ARM.Collect$$rtentry$$00000002)
    .ARM.Collect$$rtentry$$00000004          0x080001d0   Section        6  __rtentry4.o(.ARM.Collect$$rtentry$$00000004)
    .ARM.Collect$$rtentry$$00000009          0x080001d6   Section        0  __rtentry2.o(.ARM.Collect$$rtentry$$00000009)
    .ARM.Collect$$rtentry$$0000000A          0x080001d6   Section        4  __rtentry2.o(.ARM.Collect$$rtentry$$0000000A)
    .ARM.Collect$$rtentry$$0000000C          0x080001da   Section        0  __rtentry2.o(.ARM.Collect$$rtentry$$0000000C)
    .ARM.Collect$$rtentry$$0000000D          0x080001da   Section        8  __rtentry2.o(.ARM.Collect$$rtentry$$0000000D)
    .ARM.Collect$$rtexit$$00000000           0x080001e2   Section        2  rtexit.o(.ARM.Collect$$rtexit$$00000000)
    .ARM.Collect$$rtexit$$00000002           0x080001e4   Section        0  rtexit2.o(.ARM.Collect$$rtexit$$00000002)
    .ARM.Collect$$rtexit$$00000003           0x080001e4   Section        4  rtexit2.o(.ARM.Collect$$rtexit$$00000003)
    .ARM.Collect$$rtexit$$00000004           0x080001e8   Section        6  rtexit2.o(.ARM.Collect$$rtexit$$00000004)
    .text                                    0x080001f0   Section       64  startup_gd32f30x_cl.o(.text)
    $v0                                      0x080001f0   Number         0  startup_gd32f30x_cl.o(.text)
    .text                                    0x08000230   Section      308  context_rvds.o(.text)
    $v0                                      0x08000230   Number         0  context_rvds.o(.text)
    .text                                    0x08000364   Section        0  heapauxi.o(.text)
    .text                                    0x0800036a   Section       74  sys_stackheap_outer.o(.text)
    .text                                    0x080003b4   Section        0  exit.o(.text)
    .text                                    0x080003c8   Section        8  libspace.o(.text)
    .text                                    0x080003d0   Section        0  sys_exit.o(.text)
    .text                                    0x080003dc   Section        2  use_no_semi.o(.text)
    .text                                    0x080003de   Section        0  indicate_semi.o(.text)
    i.$Sub$$main                             0x080003de   Section        0  components.o(i.$Sub$$main)
    i.BusFault_Handler                       0x080003e8   Section        0  gd32f30x_it.o(i.BusFault_Handler)
    i.DebugMon_Handler                       0x080003ec   Section        0  gd32f30x_it.o(i.DebugMon_Handler)
    i.MemManage_Handler                      0x080003ee   Section        0  gd32f30x_it.o(i.MemManage_Handler)
    i.NMI_Handler                            0x080003f2   Section        0  gd32f30x_it.o(i.NMI_Handler)
    i.SVC_Handler                            0x080003f4   Section        0  gd32f30x_it.o(i.SVC_Handler)
    i.SysTick_Handler                        0x080003f6   Section        0  board.o(i.SysTick_Handler)
    i.SystemCoreClockUpdate                  0x08000408   Section        0  system_gd32f30x.o(i.SystemCoreClockUpdate)
    i.SystemInit                             0x080005b4   Section        0  system_gd32f30x.o(i.SystemInit)
    i.UsageFault_Handler                     0x0800065c   Section        0  gd32f30x_it.o(i.UsageFault_Handler)
    i._SysTick_Config                        0x08000660   Section        0  board.o(i._SysTick_Config)
    _SysTick_Config                          0x08000661   Thumb Code    44  board.o(i._SysTick_Config)
    i.__rt_ffs                               0x08000690   Section        0  kservice.o(i.__rt_ffs)
    i._rt_thread_init                        0x080006dc   Section        0  thread.o(i._rt_thread_init)
    _rt_thread_init                          0x080006dd   Thumb Code   124  thread.o(i._rt_thread_init)
    i._rt_timer_init                         0x08000760   Section        0  timer.o(i._rt_timer_init)
    _rt_timer_init                           0x08000761   Thumb Code    66  timer.o(i._rt_timer_init)
    i._rt_timer_remove                       0x080007a2   Section        0  timer.o(i._rt_timer_remove)
    _rt_timer_remove                         0x080007a3   Thumb Code    28  timer.o(i._rt_timer_remove)
    i._thread_cleanup_execute                0x080007be   Section        0  thread.o(i._thread_cleanup_execute)
    _thread_cleanup_execute                  0x080007bf   Thumb Code    28  thread.o(i._thread_cleanup_execute)
    i.main                                   0x080007da   Section        0  main.o(i.main)
    i.main_thread_entry                      0x080007de   Section        0  components.o(i.main_thread_entry)
    i.print_number                           0x080007ec   Section        0  kservice.o(i.print_number)
    print_number                             0x080007ed   Thumb Code   400  kservice.o(i.print_number)
    i.rt_application_init                    0x08000984   Section        0  components.o(i.rt_application_init)
    i.rt_components_board_init               0x080009c4   Section        0  components.o(i.rt_components_board_init)
    i.rt_components_init                     0x080009e0   Section        0  components.o(i.rt_components_init)
    i.rt_enter_critical                      0x080009fc   Section        0  scheduler.o(i.rt_enter_critical)
    i.rt_exit_critical                       0x08000a1c   Section        0  scheduler.o(i.rt_exit_critical)
    i.rt_hw_board_init                       0x08000a60   Section        0  board.o(i.rt_hw_board_init)
    i.rt_hw_console_output                   0x08000a84   Section        0  kservice.o(i.rt_hw_console_output)
    i.rt_hw_hard_fault_exception             0x08000a88   Section        0  cpuport.o(i.rt_hw_hard_fault_exception)
    i.rt_hw_stack_init                       0x08000cac   Section        0  cpuport.o(i.rt_hw_stack_init)
    i.rt_interrupt_enter                     0x08000cfc   Section        0  irq.o(i.rt_interrupt_enter)
    i.rt_interrupt_leave                     0x08000d1c   Section        0  irq.o(i.rt_interrupt_leave)
    i.rt_kprintf                             0x08000d3c   Section        0  kservice.o(i.rt_kprintf)
    i.rt_list_init                           0x08000d6c   Section        0  scheduler.o(i.rt_list_init)
    rt_list_init                             0x08000d6d   Thumb Code     6  scheduler.o(i.rt_list_init)
    i.rt_list_init                           0x08000d72   Section        0  timer.o(i.rt_list_init)
    rt_list_init                             0x08000d73   Thumb Code     6  timer.o(i.rt_list_init)
    i.rt_list_insert_after                   0x08000d78   Section        0  thread.o(i.rt_list_insert_after)
    rt_list_insert_after                     0x08000d79   Thumb Code    14  thread.o(i.rt_list_insert_after)
    i.rt_list_insert_after                   0x08000d86   Section        0  timer.o(i.rt_list_insert_after)
    rt_list_insert_after                     0x08000d87   Thumb Code    14  timer.o(i.rt_list_insert_after)
    i.rt_list_isempty                        0x08000d94   Section        0  timer.o(i.rt_list_isempty)
    rt_list_isempty                          0x08000d95   Thumb Code    16  timer.o(i.rt_list_isempty)
    i.rt_list_remove                         0x08000da4   Section        0  thread.o(i.rt_list_remove)
    rt_list_remove                           0x08000da5   Thumb Code    18  thread.o(i.rt_list_remove)
    i.rt_list_remove                         0x08000db6   Section        0  timer.o(i.rt_list_remove)
    rt_list_remove                           0x08000db7   Thumb Code    18  timer.o(i.rt_list_remove)
    i.rt_memset                              0x08000dc8   Section        0  kservice.o(i.rt_memset)
    i.rt_object_detach                       0x08000e10   Section        0  object.o(i.rt_object_detach)
    i.rt_object_get_information              0x08000e3c   Section        0  object.o(i.rt_object_get_information)
    i.rt_object_init                         0x08000e64   Section        0  object.o(i.rt_object_init)
    i.rt_object_is_systemobject              0x08000ec4   Section        0  object.o(i.rt_object_is_systemobject)
    i.rt_schedule                            0x08000ed8   Section        0  scheduler.o(i.rt_schedule)
    i.rt_schedule_insert_thread              0x08000f5c   Section        0  scheduler.o(i.rt_schedule_insert_thread)
    i.rt_schedule_remove_thread              0x08000fac   Section        0  scheduler.o(i.rt_schedule_remove_thread)
    i.rt_show_version                        0x08001000   Section        0  kservice.o(i.rt_show_version)
    i.rt_strncpy                             0x080010b0   Section        0  kservice.o(i.rt_strncpy)
    i.rt_system_scheduler_init               0x080010e4   Section        0  scheduler.o(i.rt_system_scheduler_init)
    i.rt_system_scheduler_start              0x08001130   Section        0  scheduler.o(i.rt_system_scheduler_start)
    i.rt_system_timer_init                   0x08001160   Section        0  timer.o(i.rt_system_timer_init)
    i.rt_system_timer_thread_init            0x0800117c   Section        0  timer.o(i.rt_system_timer_thread_init)
    i.rt_thread_exit                         0x08001180   Section        0  thread.o(i.rt_thread_exit)
    i.rt_thread_idle_entry                   0x080011d8   Section        0  idle.o(i.rt_thread_idle_entry)
    rt_thread_idle_entry                     0x080011d9   Thumb Code     8  idle.o(i.rt_thread_idle_entry)
    i.rt_thread_idle_excute                  0x080011e0   Section        0  idle.o(i.rt_thread_idle_excute)
    i.rt_thread_idle_init                    0x080011e4   Section        0  idle.o(i.rt_thread_idle_init)
    i.rt_thread_init                         0x08001220   Section        0  thread.o(i.rt_thread_init)
    i.rt_thread_resume                       0x08001254   Section        0  thread.o(i.rt_thread_resume)
    i.rt_thread_self                         0x08001290   Section        0  thread.o(i.rt_thread_self)
    i.rt_thread_startup                      0x0800129c   Section        0  thread.o(i.rt_thread_startup)
    i.rt_thread_timeout                      0x080012c8   Section        0  thread.o(i.rt_thread_timeout)
    i.rt_thread_yield                        0x080012e8   Section        0  thread.o(i.rt_thread_yield)
    i.rt_tick_get                            0x0800134c   Section        0  clock.o(i.rt_tick_get)
    i.rt_tick_increase                       0x08001358   Section        0  clock.o(i.rt_tick_increase)
    i.rt_timer_check                         0x08001388   Section        0  timer.o(i.rt_timer_check)
    i.rt_timer_detach                        0x0800142c   Section        0  timer.o(i.rt_timer_detach)
    i.rt_timer_init                          0x08001454   Section        0  timer.o(i.rt_timer_init)
    i.rt_timer_start                         0x08001484   Section        0  timer.o(i.rt_timer_start)
    i.rt_timer_stop                          0x08001570   Section        0  timer.o(i.rt_timer_stop)
    i.rt_vsnprintf                           0x080015a0   Section        0  kservice.o(i.rt_vsnprintf)
    i.rti_board_end                          0x080018e0   Section        0  components.o(i.rti_board_end)
    rti_board_end                            0x080018e1   Thumb Code     4  components.o(i.rti_board_end)
    i.rti_board_start                        0x080018e4   Section        0  components.o(i.rti_board_start)
    rti_board_start                          0x080018e5   Thumb Code     4  components.o(i.rti_board_start)
    i.rti_end                                0x080018e8   Section        0  components.o(i.rti_end)
    rti_end                                  0x080018e9   Thumb Code     4  components.o(i.rti_end)
    i.rti_start                              0x080018ec   Section        0  components.o(i.rti_start)
    rti_start                                0x080018ed   Thumb Code     4  components.o(i.rti_start)
    i.rtthread_startup                       0x080018f0   Section        0  components.o(i.rtthread_startup)
    i.skip_atoi                              0x0800191a   Section        0  kservice.o(i.skip_atoi)
    skip_atoi                                0x0800191b   Thumb Code    38  kservice.o(i.skip_atoi)
    i.system_clock_120m_hxtal                0x08001940   Section        0  system_gd32f30x.o(i.system_clock_120m_hxtal)
    system_clock_120m_hxtal                  0x08001941   Thumb Code   288  system_gd32f30x.o(i.system_clock_120m_hxtal)
    i.system_clock_config                    0x08001a78   Section        0  system_gd32f30x.o(i.system_clock_config)
    system_clock_config                      0x08001a79   Thumb Code     8  system_gd32f30x.o(i.system_clock_config)
    x$fpl$fpinit                             0x08001a80   Section       10  fpinit.o(x$fpl$fpinit)
    $v0                                      0x08001a80   Number         0  fpinit.o(x$fpl$fpinit)
    .constdata                               0x08001a8a   Section      290  kservice.o(.constdata)
    small_digits                             0x08001b8a   Data          17  kservice.o(.constdata)
    large_digits                             0x08001b9b   Data          17  kservice.o(.constdata)
    .rti_fn.0                                0x08001bac   Section        4  components.o(.rti_fn.0)
    __tagsym$$used                           0x08001bac   Number         0  components.o(.rti_fn.0)
    .rti_fn.0.end                            0x08001bb0   Section        4  components.o(.rti_fn.0.end)
    __tagsym$$used                           0x08001bb0   Number         0  components.o(.rti_fn.0.end)
    .rti_fn.1.end                            0x08001bb4   Section        4  components.o(.rti_fn.1.end)
    __tagsym$$used                           0x08001bb4   Number         0  components.o(.rti_fn.1.end)
    .rti_fn.6.end                            0x08001bb8   Section        4  components.o(.rti_fn.6.end)
    __tagsym$$used                           0x08001bb8   Number         0  components.o(.rti_fn.6.end)
    .data                                    0x20000000   Section        4  system_gd32f30x.o(.data)
    .data                                    0x20000004   Section       16  cpuport.o(.data)
    rt_exception_hook                        0x20000010   Data           4  cpuport.o(.data)
    .data                                    0x20000014   Section        4  clock.o(.data)
    rt_tick                                  0x20000014   Data           4  clock.o(.data)
    .data                                    0x20000018   Section        1  irq.o(.data)
    .data                                    0x2000001c   Section       64  object.o(.data)
    rt_object_container                      0x2000001c   Data          64  object.o(.data)
    .data                                    0x2000005c   Section       24  scheduler.o(.data)
    rt_scheduler_lock_nest                   0x20000060   Data           2  scheduler.o(.data)
    .data                                    0x20000074   Section       12  timer.o(.data)
    rt_timer_list                            0x20000074   Data           8  timer.o(.data)
    random_nr                                0x2000007c   Data           4  timer.o(.data)
    .bss                                     0x20000080   Section      376  components.o(.bss)
    main_stack                               0x20000080   Data         256  components.o(.bss)
    .bss                                     0x200001f8   Section      248  idle.o(.bss)
    idle                                     0x200001f8   Data         120  idle.o(.bss)
    rt_thread_stack                          0x20000270   Data         128  idle.o(.bss)
    .bss                                     0x200002f0   Section      128  kservice.o(.bss)
    rt_log_buf                               0x200002f0   Data         128  kservice.o(.bss)
    .bss                                     0x20000370   Section       64  scheduler.o(.bss)
    .bss                                     0x200003b0   Section       96  libspace.o(.bss)
    HEAP                                     0x20000410   Section     1024  startup_gd32f30x_cl.o(HEAP)
    Heap_Mem                                 0x20000410   Data        1024  startup_gd32f30x_cl.o(HEAP)
    STACK                                    0x20000810   Section     1024  startup_gd32f30x_cl.o(STACK)
    Stack_Mem                                0x20000810   Data        1024  startup_gd32f30x_cl.o(STACK)
    __initial_sp                             0x20000c10   Data           0  startup_gd32f30x_cl.o(STACK)

    Global Symbols

    Symbol Name                              Value     Ov Type        Size  Object(Section)

    BuildAttributes$$THM_ISAv4$E$P$D$K$B$S$7EM$VFPi3$EXTD16$VFPS$VFMA$PE$A:L22UL41UL21$X:L11$S22US41US21$IEEE1$IW$USESV6$~STKCKD$USESV7$~SHL$OSPACE$ROPI$EBA8$UX$STANDARDLIB$REQ8$PRES8$EABIv2 0x00000000   Number         0  anon$$obj.o ABSOLUTE
    __ARM_use_no_argv                        0x00000000   Number         0  main.o ABSOLUTE
    __ARM_exceptions_init                     - Undefined Weak Reference
    __alloca_initialize                       - Undefined Weak Reference
    __arm_preinit_                            - Undefined Weak Reference
    __cpp_initialize__aeabi_                  - Undefined Weak Reference
    __cxa_finalize                            - Undefined Weak Reference
    __rt_locale                               - Undefined Weak Reference
    __sigvec_lookup                           - Undefined Weak Reference
    _atexit_init                              - Undefined Weak Reference
    _call_atexit_fns                          - Undefined Weak Reference
    _clock_init                               - Undefined Weak Reference
    _fp_trap_init                             - Undefined Weak Reference
    _fp_trap_shutdown                         - Undefined Weak Reference
    _get_lc_collate                           - Undefined Weak Reference
    _get_lc_ctype                             - Undefined Weak Reference
    _get_lc_monetary                          - Undefined Weak Reference
    _get_lc_numeric                           - Undefined Weak Reference
    _get_lc_time                              - Undefined Weak Reference
    _getenv_init                              - Undefined Weak Reference
    _handle_redirection                       - Undefined Weak Reference
    _init_alloc                               - Undefined Weak Reference
    _init_user_alloc                          - Undefined Weak Reference
    _initio                                   - Undefined Weak Reference
    _rand_init                                - Undefined Weak Reference
    _signal_finish                            - Undefined Weak Reference
    _signal_init                              - Undefined Weak Reference
    _terminate_alloc                          - Undefined Weak Reference
    _terminate_user_alloc                     - Undefined Weak Reference
    _terminateio                              - Undefined Weak Reference
    __Vectors_Size                           0x00000150   Number         0  startup_gd32f30x_cl.o ABSOLUTE
    __Vectors                                0x08000000   Data           4  startup_gd32f30x_cl.o(RESET)
    __Vectors_End                            0x08000150   Data           0  startup_gd32f30x_cl.o(RESET)
    __main                                   0x08000151   Thumb Code     8  __main.o(!!!main)
    __scatterload                            0x08000159   Thumb Code     0  __scatter.o(!!!scatter)
    __scatterload_rt2                        0x08000159   Thumb Code    44  __scatter.o(!!!scatter)
    __scatterload_rt2_thumb_only             0x08000159   Thumb Code     0  __scatter.o(!!!scatter)
    __scatterload_null                       0x08000167   Thumb Code     0  __scatter.o(!!!scatter)
    __scatterload_copy                       0x0800018d   Thumb Code    26  __scatter_copy.o(!!handler_copy)
    __scatterload_zeroinit                   0x080001a9   Thumb Code    28  __scatter_zi.o(!!handler_zi)
    __rt_lib_init                            0x080001c5   Thumb Code     0  libinit.o(.ARM.Collect$$libinit$$00000000)
    __rt_lib_init_fp_1                       0x080001c7   Thumb Code     0  libinit2.o(.ARM.Collect$$libinit$$00000001)
    __rt_lib_init_alloca_1                   0x080001cb   Thumb Code     0  libinit2.o(.ARM.Collect$$libinit$$0000002E)
    __rt_lib_init_argv_1                     0x080001cb   Thumb Code     0  libinit2.o(.ARM.Collect$$libinit$$0000002C)
    __rt_lib_init_atexit_1                   0x080001cb   Thumb Code     0  libinit2.o(.ARM.Collect$$libinit$$0000001B)
    __rt_lib_init_clock_1                    0x080001cb   Thumb Code     0  libinit2.o(.ARM.Collect$$libinit$$00000021)
    __rt_lib_init_cpp_1                      0x080001cb   Thumb Code     0  libinit2.o(.ARM.Collect$$libinit$$00000032)
    __rt_lib_init_exceptions_1               0x080001cb   Thumb Code     0  libinit2.o(.ARM.Collect$$libinit$$00000030)
    __rt_lib_init_fp_trap_1                  0x080001cb   Thumb Code     0  libinit2.o(.ARM.Collect$$libinit$$0000001F)
    __rt_lib_init_getenv_1                   0x080001cb   Thumb Code     0  libinit2.o(.ARM.Collect$$libinit$$00000023)
    __rt_lib_init_heap_1                     0x080001cb   Thumb Code     0  libinit2.o(.ARM.Collect$$libinit$$0000000A)
    __rt_lib_init_lc_collate_1               0x080001cb   Thumb Code     0  libinit2.o(.ARM.Collect$$libinit$$00000011)
    __rt_lib_init_lc_ctype_1                 0x080001cb   Thumb Code     0  libinit2.o(.ARM.Collect$$libinit$$00000013)
    __rt_lib_init_lc_monetary_1              0x080001cb   Thumb Code     0  libinit2.o(.ARM.Collect$$libinit$$00000015)
    __rt_lib_init_lc_numeric_1               0x080001cb   Thumb Code     0  libinit2.o(.ARM.Collect$$libinit$$00000017)
    __rt_lib_init_lc_time_1                  0x080001cb   Thumb Code     0  libinit2.o(.ARM.Collect$$libinit$$00000019)
    __rt_lib_init_preinit_1                  0x080001cb   Thumb Code     0  libinit2.o(.ARM.Collect$$libinit$$00000004)
    __rt_lib_init_rand_1                     0x080001cb   Thumb Code     0  libinit2.o(.ARM.Collect$$libinit$$0000000E)
    __rt_lib_init_return                     0x080001cb   Thumb Code     0  libinit2.o(.ARM.Collect$$libinit$$00000033)
    __rt_lib_init_signal_1                   0x080001cb   Thumb Code     0  libinit2.o(.ARM.Collect$$libinit$$0000001D)
    __rt_lib_init_stdio_1                    0x080001cb   Thumb Code     0  libinit2.o(.ARM.Collect$$libinit$$00000025)
    __rt_lib_init_user_alloc_1               0x080001cb   Thumb Code     0  libinit2.o(.ARM.Collect$$libinit$$0000000C)
    __rt_lib_shutdown                        0x080001cd   Thumb Code     0  libshutdown.o(.ARM.Collect$$libshutdown$$00000000)
    __rt_lib_shutdown_cpp_1                  0x080001cf   Thumb Code     0  libshutdown2.o(.ARM.Collect$$libshutdown$$00000002)
    __rt_lib_shutdown_fp_trap_1              0x080001cf   Thumb Code     0  libshutdown2.o(.ARM.Collect$$libshutdown$$00000007)
    __rt_lib_shutdown_heap_1                 0x080001cf   Thumb Code     0  libshutdown2.o(.ARM.Collect$$libshutdown$$0000000F)
    __rt_lib_shutdown_return                 0x080001cf   Thumb Code     0  libshutdown2.o(.ARM.Collect$$libshutdown$$00000010)
    __rt_lib_shutdown_signal_1               0x080001cf   Thumb Code     0  libshutdown2.o(.ARM.Collect$$libshutdown$$0000000A)
    __rt_lib_shutdown_stdio_1                0x080001cf   Thumb Code     0  libshutdown2.o(.ARM.Collect$$libshutdown$$00000004)
    __rt_lib_shutdown_user_alloc_1           0x080001cf   Thumb Code     0  libshutdown2.o(.ARM.Collect$$libshutdown$$0000000C)
    __rt_entry                               0x080001d1   Thumb Code     0  __rtentry.o(.ARM.Collect$$rtentry$$00000000)
    __rt_entry_presh_1                       0x080001d1   Thumb Code     0  __rtentry2.o(.ARM.Collect$$rtentry$$00000002)
    __rt_entry_sh                            0x080001d1   Thumb Code     0  __rtentry4.o(.ARM.Collect$$rtentry$$00000004)
    __rt_entry_li                            0x080001d7   Thumb Code     0  __rtentry2.o(.ARM.Collect$$rtentry$$0000000A)
    __rt_entry_postsh_1                      0x080001d7   Thumb Code     0  __rtentry2.o(.ARM.Collect$$rtentry$$00000009)
    __rt_entry_main                          0x080001db   Thumb Code     0  __rtentry2.o(.ARM.Collect$$rtentry$$0000000D)
    __rt_entry_postli_1                      0x080001db   Thumb Code     0  __rtentry2.o(.ARM.Collect$$rtentry$$0000000C)
    __rt_exit                                0x080001e3   Thumb Code     0  rtexit.o(.ARM.Collect$$rtexit$$00000000)
    __rt_exit_ls                             0x080001e5   Thumb Code     0  rtexit2.o(.ARM.Collect$$rtexit$$00000003)
    __rt_exit_prels_1                        0x080001e5   Thumb Code     0  rtexit2.o(.ARM.Collect$$rtexit$$00000002)
    __rt_exit_exit                           0x080001e9   Thumb Code     0  rtexit2.o(.ARM.Collect$$rtexit$$00000004)
    Reset_Handler                            0x080001f1   Thumb Code     8  startup_gd32f30x_cl.o(.text)
    ADC0_1_IRQHandler                        0x0800020b   Thumb Code     0  startup_gd32f30x_cl.o(.text)
    CAN0_EWMC_IRQHandler                     0x0800020b   Thumb Code     0  startup_gd32f30x_cl.o(.text)
    CAN0_RX0_IRQHandler                      0x0800020b   Thumb Code     0  startup_gd32f30x_cl.o(.text)
    CAN0_RX1_IRQHandler                      0x0800020b   Thumb Code     0  startup_gd32f30x_cl.o(.text)
    CAN0_TX_IRQHandler                       0x0800020b   Thumb Code     0  startup_gd32f30x_cl.o(.text)
    CAN1_EWMC_IRQHandler                     0x0800020b   Thumb Code     0  startup_gd32f30x_cl.o(.text)
    CAN1_RX0_IRQHandler                      0x0800020b   Thumb Code     0  startup_gd32f30x_cl.o(.text)
    CAN1_RX1_IRQHandler                      0x0800020b   Thumb Code     0  startup_gd32f30x_cl.o(.text)
    CAN1_TX_IRQHandler                       0x0800020b   Thumb Code     0  startup_gd32f30x_cl.o(.text)
    DMA0_Channel0_IRQHandler                 0x0800020b   Thumb Code     0  startup_gd32f30x_cl.o(.text)
    DMA0_Channel1_IRQHandler                 0x0800020b   Thumb Code     0  startup_gd32f30x_cl.o(.text)
    DMA0_Channel2_IRQHandler                 0x0800020b   Thumb Code     0  startup_gd32f30x_cl.o(.text)
    DMA0_Channel3_IRQHandler                 0x0800020b   Thumb Code     0  startup_gd32f30x_cl.o(.text)
    DMA0_Channel4_IRQHandler                 0x0800020b   Thumb Code     0  startup_gd32f30x_cl.o(.text)
    DMA0_Channel5_IRQHandler                 0x0800020b   Thumb Code     0  startup_gd32f30x_cl.o(.text)
    DMA0_Channel6_IRQHandler                 0x0800020b   Thumb Code     0  startup_gd32f30x_cl.o(.text)
    DMA1_Channel0_IRQHandler                 0x0800020b   Thumb Code     0  startup_gd32f30x_cl.o(.text)
    DMA1_Channel1_IRQHandler                 0x0800020b   Thumb Code     0  startup_gd32f30x_cl.o(.text)
    DMA1_Channel2_IRQHandler                 0x0800020b   Thumb Code     0  startup_gd32f30x_cl.o(.text)
    DMA1_Channel3_IRQHandler                 0x0800020b   Thumb Code     0  startup_gd32f30x_cl.o(.text)
    DMA1_Channel4_IRQHandler                 0x0800020b   Thumb Code     0  startup_gd32f30x_cl.o(.text)
    ENET_IRQHandler                          0x0800020b   Thumb Code     0  startup_gd32f30x_cl.o(.text)
    ENET_WKUP_IRQHandler                     0x0800020b   Thumb Code     0  startup_gd32f30x_cl.o(.text)
    EXMC_IRQHandler                          0x0800020b   Thumb Code     0  startup_gd32f30x_cl.o(.text)
    EXTI0_IRQHandler                         0x0800020b   Thumb Code     0  startup_gd32f30x_cl.o(.text)
    EXTI10_15_IRQHandler                     0x0800020b   Thumb Code     0  startup_gd32f30x_cl.o(.text)
    EXTI1_IRQHandler                         0x0800020b   Thumb Code     0  startup_gd32f30x_cl.o(.text)
    EXTI2_IRQHandler                         0x0800020b   Thumb Code     0  startup_gd32f30x_cl.o(.text)
    EXTI3_IRQHandler                         0x0800020b   Thumb Code     0  startup_gd32f30x_cl.o(.text)
    EXTI4_IRQHandler                         0x0800020b   Thumb Code     0  startup_gd32f30x_cl.o(.text)
    EXTI5_9_IRQHandler                       0x0800020b   Thumb Code     0  startup_gd32f30x_cl.o(.text)
    FMC_IRQHandler                           0x0800020b   Thumb Code     0  startup_gd32f30x_cl.o(.text)
    I2C0_ER_IRQHandler                       0x0800020b   Thumb Code     0  startup_gd32f30x_cl.o(.text)
    I2C0_EV_IRQHandler                       0x0800020b   Thumb Code     0  startup_gd32f30x_cl.o(.text)
    I2C1_ER_IRQHandler                       0x0800020b   Thumb Code     0  startup_gd32f30x_cl.o(.text)
    I2C1_EV_IRQHandler                       0x0800020b   Thumb Code     0  startup_gd32f30x_cl.o(.text)
    LVD_IRQHandler                           0x0800020b   Thumb Code     0  startup_gd32f30x_cl.o(.text)
    RCU_CTC_IRQHandler                       0x0800020b   Thumb Code     0  startup_gd32f30x_cl.o(.text)
    RTC_Alarm_IRQHandler                     0x0800020b   Thumb Code     0  startup_gd32f30x_cl.o(.text)
    RTC_IRQHandler                           0x0800020b   Thumb Code     0  startup_gd32f30x_cl.o(.text)
    SPI0_IRQHandler                          0x0800020b   Thumb Code     0  startup_gd32f30x_cl.o(.text)
    SPI1_IRQHandler                          0x0800020b   Thumb Code     0  startup_gd32f30x_cl.o(.text)
    SPI2_IRQHandler                          0x0800020b   Thumb Code     0  startup_gd32f30x_cl.o(.text)
    TAMPER_IRQHandler                        0x0800020b   Thumb Code     0  startup_gd32f30x_cl.o(.text)
    TIMER0_BRK_TIMER8_IRQHandler             0x0800020b   Thumb Code     0  startup_gd32f30x_cl.o(.text)
    TIMER0_Channel_IRQHandler                0x0800020b   Thumb Code     0  startup_gd32f30x_cl.o(.text)
    TIMER0_TRG_CMT_TIMER10_IRQHandler        0x0800020b   Thumb Code     0  startup_gd32f30x_cl.o(.text)
    TIMER0_UP_TIMER9_IRQHandler              0x0800020b   Thumb Code     0  startup_gd32f30x_cl.o(.text)
    TIMER1_IRQHandler                        0x0800020b   Thumb Code     0  startup_gd32f30x_cl.o(.text)
    TIMER2_IRQHandler                        0x0800020b   Thumb Code     0  startup_gd32f30x_cl.o(.text)
    TIMER3_IRQHandler                        0x0800020b   Thumb Code     0  startup_gd32f30x_cl.o(.text)
    TIMER4_IRQHandler                        0x0800020b   Thumb Code     0  startup_gd32f30x_cl.o(.text)
    TIMER5_IRQHandler                        0x0800020b   Thumb Code     0  startup_gd32f30x_cl.o(.text)
    TIMER6_IRQHandler                        0x0800020b   Thumb Code     0  startup_gd32f30x_cl.o(.text)
    TIMER7_BRK_TIMER11_IRQHandler            0x0800020b   Thumb Code     0  startup_gd32f30x_cl.o(.text)
    TIMER7_Channel_IRQHandler                0x0800020b   Thumb Code     0  startup_gd32f30x_cl.o(.text)
    TIMER7_TRG_CMT_TIMER13_IRQHandler        0x0800020b   Thumb Code     0  startup_gd32f30x_cl.o(.text)
    TIMER7_UP_TIMER12_IRQHandler             0x0800020b   Thumb Code     0  startup_gd32f30x_cl.o(.text)
    UART3_IRQHandler                         0x0800020b   Thumb Code     0  startup_gd32f30x_cl.o(.text)
    UART4_IRQHandler                         0x0800020b   Thumb Code     0  startup_gd32f30x_cl.o(.text)
    USART0_IRQHandler                        0x0800020b   Thumb Code     0  startup_gd32f30x_cl.o(.text)
    USART1_IRQHandler                        0x0800020b   Thumb Code     0  startup_gd32f30x_cl.o(.text)
    USART2_IRQHandler                        0x0800020b   Thumb Code     0  startup_gd32f30x_cl.o(.text)
    USBFS_IRQHandler                         0x0800020b   Thumb Code     0  startup_gd32f30x_cl.o(.text)
    USBFS_WKUP_IRQHandler                    0x0800020b   Thumb Code     0  startup_gd32f30x_cl.o(.text)
    WWDGT_IRQHandler                         0x0800020b   Thumb Code     0  startup_gd32f30x_cl.o(.text)
    __user_initial_stackheap                 0x0800020d   Thumb Code    10  startup_gd32f30x_cl.o(.text)
    rt_hw_interrupt_disable                  0x08000231   Thumb Code     8  context_rvds.o(.text)
    rt_hw_interrupt_enable                   0x08000239   Thumb Code     6  context_rvds.o(.text)
    rt_hw_context_switch                     0x0800023f   Thumb Code    32  context_rvds.o(.text)
    rt_hw_context_switch_interrupt           0x0800023f   Thumb Code     0  context_rvds.o(.text)
    PendSV_Handler                           0x0800025f   Thumb Code   108  context_rvds.o(.text)
    rt_hw_context_switch_to                  0x080002cb   Thumb Code    68  context_rvds.o(.text)
    rt_hw_interrupt_thread_switch            0x0800030f   Thumb Code     2  context_rvds.o(.text)
    HardFault_Handler                        0x08000311   Thumb Code    56  context_rvds.o(.text)
    __use_two_region_memory                  0x08000365   Thumb Code     2  heapauxi.o(.text)
    __rt_heap_escrow$2region                 0x08000367   Thumb Code     2  heapauxi.o(.text)
    __rt_heap_expand$2region                 0x08000369   Thumb Code     2  heapauxi.o(.text)
    __user_setup_stackheap                   0x0800036b   Thumb Code    74  sys_stackheap_outer.o(.text)
    exit                                     0x080003b5   Thumb Code    18  exit.o(.text)
    __user_libspace                          0x080003c9   Thumb Code     8  libspace.o(.text)
    __user_perproc_libspace                  0x080003c9   Thumb Code     0  libspace.o(.text)
    __user_perthread_libspace                0x080003c9   Thumb Code     0  libspace.o(.text)
    _sys_exit                                0x080003d1   Thumb Code     8  sys_exit.o(.text)
    __I$use$semihosting                      0x080003dd   Thumb Code     0  use_no_semi.o(.text)
    __use_no_semihosting_swi                 0x080003dd   Thumb Code     2  use_no_semi.o(.text)
    __semihosting_library_function           0x080003df   Thumb Code     0  indicate_semi.o(.text)
    main                                     0x080003df   Thumb Code    10  components.o(i.$Sub$$main)
    BusFault_Handler                         0x080003e9   Thumb Code     4  gd32f30x_it.o(i.BusFault_Handler)
    DebugMon_Handler                         0x080003ed   Thumb Code     2  gd32f30x_it.o(i.DebugMon_Handler)
    MemManage_Handler                        0x080003ef   Thumb Code     4  gd32f30x_it.o(i.MemManage_Handler)
    NMI_Handler                              0x080003f3   Thumb Code     2  gd32f30x_it.o(i.NMI_Handler)
    SVC_Handler                              0x080003f5   Thumb Code     2  gd32f30x_it.o(i.SVC_Handler)
    SysTick_Handler                          0x080003f7   Thumb Code    16  board.o(i.SysTick_Handler)
    SystemCoreClockUpdate                    0x08000409   Thumb Code   388  system_gd32f30x.o(i.SystemCoreClockUpdate)
    SystemInit                               0x080005b5   Thumb Code   156  system_gd32f30x.o(i.SystemInit)
    UsageFault_Handler                       0x0800065d   Thumb Code     4  gd32f30x_it.o(i.UsageFault_Handler)
    __rt_ffs                                 0x08000691   Thumb Code    70  kservice.o(i.__rt_ffs)
    $Super$$main                             0x080007db   Thumb Code     4  main.o(i.main)
    main_thread_entry                        0x080007df   Thumb Code    14  components.o(i.main_thread_entry)
    rt_application_init                      0x08000985   Thumb Code    42  components.o(i.rt_application_init)
    rt_components_board_init                 0x080009c5   Thumb Code    20  components.o(i.rt_components_board_init)
    rt_components_init                       0x080009e1   Thumb Code    20  components.o(i.rt_components_init)
    rt_enter_critical                        0x080009fd   Thumb Code    28  scheduler.o(i.rt_enter_critical)
    rt_exit_critical                         0x08000a1d   Thumb Code    60  scheduler.o(i.rt_exit_critical)
    rt_hw_board_init                         0x08000a61   Thumb Code    30  board.o(i.rt_hw_board_init)
    rt_hw_console_output                     0x08000a85   Thumb Code     2  kservice.o(i.rt_hw_console_output)
    rt_hw_hard_fault_exception               0x08000a89   Thumb Code   212  cpuport.o(i.rt_hw_hard_fault_exception)
    rt_hw_stack_init                         0x08000cad   Thumb Code    74  cpuport.o(i.rt_hw_stack_init)
    rt_interrupt_enter                       0x08000cfd   Thumb Code    26  irq.o(i.rt_interrupt_enter)
    rt_interrupt_leave                       0x08000d1d   Thumb Code    26  irq.o(i.rt_interrupt_leave)
    rt_kprintf                               0x08000d3d   Thumb Code    44  kservice.o(i.rt_kprintf)
    rt_memset                                0x08000dc9   Thumb Code    72  kservice.o(i.rt_memset)
    rt_object_detach                         0x08000e11   Thumb Code    44  object.o(i.rt_object_detach)
    rt_object_get_information                0x08000e3d   Thumb Code    36  object.o(i.rt_object_get_information)
    rt_object_init                           0x08000e65   Thumb Code    96  object.o(i.rt_object_init)
    rt_object_is_systemobject                0x08000ec5   Thumb Code    18  object.o(i.rt_object_is_systemobject)
    rt_schedule                              0x08000ed9   Thumb Code   106  scheduler.o(i.rt_schedule)
    rt_schedule_insert_thread                0x08000f5d   Thumb Code    72  scheduler.o(i.rt_schedule_insert_thread)
    rt_schedule_remove_thread                0x08000fad   Thumb Code    76  scheduler.o(i.rt_schedule_remove_thread)
    rt_show_version                          0x08001001   Thumb Code    38  kservice.o(i.rt_show_version)
    rt_strncpy                               0x080010b1   Thumb Code    52  kservice.o(i.rt_strncpy)
    rt_system_scheduler_init                 0x080010e5   Thumb Code    52  scheduler.o(i.rt_system_scheduler_init)
    rt_system_scheduler_start                0x08001131   Thumb Code    36  scheduler.o(i.rt_system_scheduler_start)
    rt_system_timer_init                     0x08001161   Thumb Code    24  timer.o(i.rt_system_timer_init)
    rt_system_timer_thread_init              0x0800117d   Thumb Code     2  timer.o(i.rt_system_timer_thread_init)
    rt_thread_exit                           0x08001181   Thumb Code    78  thread.o(i.rt_thread_exit)
    rt_thread_idle_excute                    0x080011e1   Thumb Code     2  idle.o(i.rt_thread_idle_excute)
    rt_thread_idle_init                      0x080011e5   Thumb Code    38  idle.o(i.rt_thread_idle_init)
    rt_thread_init                           0x08001221   Thumb Code    52  thread.o(i.rt_thread_init)
    rt_thread_resume                         0x08001255   Thumb Code    60  thread.o(i.rt_thread_resume)
    rt_thread_self                           0x08001291   Thumb Code     6  thread.o(i.rt_thread_self)
    rt_thread_startup                        0x0800129d   Thumb Code    44  thread.o(i.rt_thread_startup)
    rt_thread_timeout                        0x080012c9   Thumb Code    32  thread.o(i.rt_thread_timeout)
    rt_thread_yield                          0x080012e9   Thumb Code    92  thread.o(i.rt_thread_yield)
    rt_tick_get                              0x0800134d   Thumb Code     6  clock.o(i.rt_tick_get)
    rt_tick_increase                         0x08001359   Thumb Code    42  clock.o(i.rt_tick_increase)
    rt_timer_check                           0x08001389   Thumb Code   160  timer.o(i.rt_timer_check)
    rt_timer_detach                          0x0800142d   Thumb Code    40  timer.o(i.rt_timer_detach)
    rt_timer_init                            0x08001455   Thumb Code    46  timer.o(i.rt_timer_init)
    rt_timer_start                           0x08001485   Thumb Code   226  timer.o(i.rt_timer_start)
    rt_timer_stop                            0x08001571   Thumb Code    48  timer.o(i.rt_timer_stop)
    rt_vsnprintf                             0x080015a1   Thumb Code   824  kservice.o(i.rt_vsnprintf)
    rtthread_startup                         0x080018f1   Thumb Code    42  components.o(i.rtthread_startup)
    _fp_init                                 0x08001a81   Thumb Code    10  fpinit.o(x$fpl$fpinit)
    __fplib_config_fpu_vfp                   0x08001a89   Thumb Code     0  fpinit.o(x$fpl$fpinit)
    __fplib_config_pureend_doubles           0x08001a89   Thumb Code     0  fpinit.o(x$fpl$fpinit)
    __lowest_bit_bitmap                      0x08001a8a   Data         256  kservice.o(.constdata)
    __rt_init_rti_start                      0x08001bac   Data           4  components.o(.rti_fn.0)
    __rt_init_rti_board_start                0x08001bb0   Data           4  components.o(.rti_fn.0.end)
    __rt_init_rti_board_end                  0x08001bb4   Data           4  components.o(.rti_fn.1.end)
    __rt_init_rti_end                        0x08001bb8   Data           4  components.o(.rti_fn.6.end)
    Region$$Table$$Base                      0x08001bbc   Number         0  anon$$obj.o(Region$$Table)
    Region$$Table$$Limit                     0x08001bdc   Number         0  anon$$obj.o(Region$$Table)
    SystemCoreClock                          0x20000000   Data           4  system_gd32f30x.o(.data)
    rt_interrupt_from_thread                 0x20000004   Data           4  cpuport.o(.data)
    rt_interrupt_to_thread                   0x20000008   Data           4  cpuport.o(.data)
    rt_thread_switch_interrupt_flag          0x2000000c   Data           4  cpuport.o(.data)
    rt_interrupt_nest                        0x20000018   Data           1  irq.o(.data)
    rt_thread_ready_priority_group           0x2000005c   Data           4  scheduler.o(.data)
    rt_current_thread                        0x20000064   Data           4  scheduler.o(.data)
    rt_current_priority                      0x20000068   Data           1  scheduler.o(.data)
    rt_thread_defunct                        0x2000006c   Data           8  scheduler.o(.data)
    main_thread                              0x20000180   Data         120  components.o(.bss)
    rt_thread_priority_table                 0x20000370   Data          64  scheduler.o(.bss)
    __libspace_start                         0x200003b0   Data          96  libspace.o(.bss)
    __temporary_stack_top$libspace           0x20000410   Data           0  libspace.o(.bss)



==============================================================================

Memory Map of the image

  Image Entry point : 0x08000151

  Load Region LR_IROM1 (Base: 0x08000000, Size: 0x00001c5c, Max: 0x00040000, ABSOLUTE)

    Execution Region ER_IROM1 (Exec base: 0x08000000, Load base: 0x08000000, Size: 0x00001bdc, Max: 0x00040000, ABSOLUTE)

    Exec Addr    Load Addr    Size         Type   Attr      Idx    E Section Name        Object

    0x08000000   0x08000000   0x00000150   Data   RO          220    RESET               startup_gd32f30x_cl.o
    0x08000150   0x08000150   0x00000008   Code   RO         5671  * !!!main             c_w.l(__main.o)
    0x08000158   0x08000158   0x00000034   Code   RO         5838    !!!scatter          c_w.l(__scatter.o)
    0x0800018c   0x0800018c   0x0000001a   Code   RO         5840    !!handler_copy      c_w.l(__scatter_copy.o)
    0x080001a6   0x080001a6   0x00000002   PAD
    0x080001a8   0x080001a8   0x0000001c   Code   RO         5842    !!handler_zi        c_w.l(__scatter_zi.o)
    0x080001c4   0x080001c4   0x00000002   Code   RO         5708    .ARM.Collect$$libinit$$00000000  c_w.l(libinit.o)
    0x080001c6   0x080001c6   0x00000004   Code   RO         5720    .ARM.Collect$$libinit$$00000001  c_w.l(libinit2.o)
    0x080001ca   0x080001ca   0x00000000   Code   RO         5723    .ARM.Collect$$libinit$$00000004  c_w.l(libinit2.o)
    0x080001ca   0x080001ca   0x00000000   Code   RO         5726    .ARM.Collect$$libinit$$0000000A  c_w.l(libinit2.o)
    0x080001ca   0x080001ca   0x00000000   Code   RO         5728    .ARM.Collect$$libinit$$0000000C  c_w.l(libinit2.o)
    0x080001ca   0x080001ca   0x00000000   Code   RO         5730    .ARM.Collect$$libinit$$0000000E  c_w.l(libinit2.o)
    0x080001ca   0x080001ca   0x00000000   Code   RO         5733    .ARM.Collect$$libinit$$00000011  c_w.l(libinit2.o)
    0x080001ca   0x080001ca   0x00000000   Code   RO         5735    .ARM.Collect$$libinit$$00000013  c_w.l(libinit2.o)
    0x080001ca   0x080001ca   0x00000000   Code   RO         5737    .ARM.Collect$$libinit$$00000015  c_w.l(libinit2.o)
    0x080001ca   0x080001ca   0x00000000   Code   RO         5739    .ARM.Collect$$libinit$$00000017  c_w.l(libinit2.o)
    0x080001ca   0x080001ca   0x00000000   Code   RO         5741    .ARM.Collect$$libinit$$00000019  c_w.l(libinit2.o)
    0x080001ca   0x080001ca   0x00000000   Code   RO         5743    .ARM.Collect$$libinit$$0000001B  c_w.l(libinit2.o)
    0x080001ca   0x080001ca   0x00000000   Code   RO         5745    .ARM.Collect$$libinit$$0000001D  c_w.l(libinit2.o)
    0x080001ca   0x080001ca   0x00000000   Code   RO         5747    .ARM.Collect$$libinit$$0000001F  c_w.l(libinit2.o)
    0x080001ca   0x080001ca   0x00000000   Code   RO         5749    .ARM.Collect$$libinit$$00000021  c_w.l(libinit2.o)
    0x080001ca   0x080001ca   0x00000000   Code   RO         5751    .ARM.Collect$$libinit$$00000023  c_w.l(libinit2.o)
    0x080001ca   0x080001ca   0x00000000   Code   RO         5753    .ARM.Collect$$libinit$$00000025  c_w.l(libinit2.o)
    0x080001ca   0x080001ca   0x00000000   Code   RO         5757    .ARM.Collect$$libinit$$0000002C  c_w.l(libinit2.o)
    0x080001ca   0x080001ca   0x00000000   Code   RO         5759    .ARM.Collect$$libinit$$0000002E  c_w.l(libinit2.o)
    0x080001ca   0x080001ca   0x00000000   Code   RO         5761    .ARM.Collect$$libinit$$00000030  c_w.l(libinit2.o)
    0x080001ca   0x080001ca   0x00000000   Code   RO         5763    .ARM.Collect$$libinit$$00000032  c_w.l(libinit2.o)
    0x080001ca   0x080001ca   0x00000002   Code   RO         5764    .ARM.Collect$$libinit$$00000033  c_w.l(libinit2.o)
    0x080001cc   0x080001cc   0x00000002   Code   RO         5795    .ARM.Collect$$libshutdown$$00000000  c_w.l(libshutdown.o)
    0x080001ce   0x080001ce   0x00000000   Code   RO         5821    .ARM.Collect$$libshutdown$$00000002  c_w.l(libshutdown2.o)
    0x080001ce   0x080001ce   0x00000000   Code   RO         5823    .ARM.Collect$$libshutdown$$00000004  c_w.l(libshutdown2.o)
    0x080001ce   0x080001ce   0x00000000   Code   RO         5826    .ARM.Collect$$libshutdown$$00000007  c_w.l(libshutdown2.o)
    0x080001ce   0x080001ce   0x00000000   Code   RO         5829    .ARM.Collect$$libshutdown$$0000000A  c_w.l(libshutdown2.o)
    0x080001ce   0x080001ce   0x00000000   Code   RO         5831    .ARM.Collect$$libshutdown$$0000000C  c_w.l(libshutdown2.o)
    0x080001ce   0x080001ce   0x00000000   Code   RO         5834    .ARM.Collect$$libshutdown$$0000000F  c_w.l(libshutdown2.o)
    0x080001ce   0x080001ce   0x00000002   Code   RO         5835    .ARM.Collect$$libshutdown$$00000010  c_w.l(libshutdown2.o)
    0x080001d0   0x080001d0   0x00000000   Code   RO         5673    .ARM.Collect$$rtentry$$00000000  c_w.l(__rtentry.o)
    0x080001d0   0x080001d0   0x00000000   Code   RO         5679    .ARM.Collect$$rtentry$$00000002  c_w.l(__rtentry2.o)
    0x080001d0   0x080001d0   0x00000006   Code   RO         5691    .ARM.Collect$$rtentry$$00000004  c_w.l(__rtentry4.o)
    0x080001d6   0x080001d6   0x00000000   Code   RO         5681    .ARM.Collect$$rtentry$$00000009  c_w.l(__rtentry2.o)
    0x080001d6   0x080001d6   0x00000004   Code   RO         5682    .ARM.Collect$$rtentry$$0000000A  c_w.l(__rtentry2.o)
    0x080001da   0x080001da   0x00000000   Code   RO         5684    .ARM.Collect$$rtentry$$0000000C  c_w.l(__rtentry2.o)
    0x080001da   0x080001da   0x00000008   Code   RO         5685    .ARM.Collect$$rtentry$$0000000D  c_w.l(__rtentry2.o)
    0x080001e2   0x080001e2   0x00000002   Code   RO         5712    .ARM.Collect$$rtexit$$00000000  c_w.l(rtexit.o)
    0x080001e4   0x080001e4   0x00000000   Code   RO         5768    .ARM.Collect$$rtexit$$00000002  c_w.l(rtexit2.o)
    0x080001e4   0x080001e4   0x00000004   Code   RO         5769    .ARM.Collect$$rtexit$$00000003  c_w.l(rtexit2.o)
    0x080001e8   0x080001e8   0x00000006   Code   RO         5770    .ARM.Collect$$rtexit$$00000004  c_w.l(rtexit2.o)
    0x080001ee   0x080001ee   0x00000002   PAD
    0x080001f0   0x080001f0   0x00000040   Code   RO          221    .text               startup_gd32f30x_cl.o
    0x08000230   0x08000230   0x00000134   Code   RO         4779    .text               context_rvds.o
    0x08000364   0x08000364   0x00000006   Code   RO         5669    .text               c_w.l(heapauxi.o)
    0x0800036a   0x0800036a   0x0000004a   Code   RO         5695    .text               c_w.l(sys_stackheap_outer.o)
    0x080003b4   0x080003b4   0x00000012   Code   RO         5697    .text               c_w.l(exit.o)
    0x080003c6   0x080003c6   0x00000002   PAD
    0x080003c8   0x080003c8   0x00000008   Code   RO         5709    .text               c_w.l(libspace.o)
    0x080003d0   0x080003d0   0x0000000c   Code   RO         5765    .text               c_w.l(sys_exit.o)
    0x080003dc   0x080003dc   0x00000002   Code   RO         5784    .text               c_w.l(use_no_semi.o)
    0x080003de   0x080003de   0x00000000   Code   RO         5786    .text               c_w.l(indicate_semi.o)
    0x080003de   0x080003de   0x0000000a   Code   RO         4860    i.$Sub$$main        components.o
    0x080003e8   0x080003e8   0x00000004   Code   RO            3    i.BusFault_Handler  gd32f30x_it.o
    0x080003ec   0x080003ec   0x00000002   Code   RO            4    i.DebugMon_Handler  gd32f30x_it.o
    0x080003ee   0x080003ee   0x00000004   Code   RO            5    i.MemManage_Handler  gd32f30x_it.o
    0x080003f2   0x080003f2   0x00000002   Code   RO            6    i.NMI_Handler       gd32f30x_it.o
    0x080003f4   0x080003f4   0x00000002   Code   RO            7    i.SVC_Handler       gd32f30x_it.o
    0x080003f6   0x080003f6   0x00000010   Code   RO         4752    i.SysTick_Handler   board.o
    0x08000406   0x08000406   0x00000002   PAD
    0x08000408   0x08000408   0x000001ac   Code   RO          178    i.SystemCoreClockUpdate  system_gd32f30x.o
    0x080005b4   0x080005b4   0x000000a8   Code   RO          179    i.SystemInit        system_gd32f30x.o
    0x0800065c   0x0800065c   0x00000004   Code   RO            8    i.UsageFault_Handler  gd32f30x_it.o
    0x08000660   0x08000660   0x00000030   Code   RO         4753    i._SysTick_Config   board.o
    0x08000690   0x08000690   0x0000004c   Code   RO         5110    i.__rt_ffs          kservice.o
    0x080006dc   0x080006dc   0x00000084   Code   RO         5425    i._rt_thread_init   thread.o
    0x08000760   0x08000760   0x00000042   Code   RO         5545    i._rt_timer_init    timer.o
    0x080007a2   0x080007a2   0x0000001c   Code   RO         5546    i._rt_timer_remove  timer.o
    0x080007be   0x080007be   0x0000001c   Code   RO         5426    i._thread_cleanup_execute  thread.o
    0x080007da   0x080007da   0x00000004   Code   RO         5647    i.main              main.o
    0x080007de   0x080007de   0x0000000e   Code   RO         4861    i.main_thread_entry  components.o
    0x080007ec   0x080007ec   0x00000198   Code   RO         5112    i.print_number      kservice.o
    0x08000984   0x08000984   0x00000040   Code   RO         4862    i.rt_application_init  components.o
    0x080009c4   0x080009c4   0x0000001c   Code   RO         4863    i.rt_components_board_init  components.o
    0x080009e0   0x080009e0   0x0000001c   Code   RO         4864    i.rt_components_init  components.o
    0x080009fc   0x080009fc   0x00000020   Code   RO         5353    i.rt_enter_critical  scheduler.o
    0x08000a1c   0x08000a1c   0x00000044   Code   RO         5354    i.rt_exit_critical  scheduler.o
    0x08000a60   0x08000a60   0x00000024   Code   RO         4754    i.rt_hw_board_init  board.o
    0x08000a84   0x08000a84   0x00000002   Code   RO         5114    i.rt_hw_console_output  kservice.o
    0x08000a86   0x08000a86   0x00000002   PAD
    0x08000a88   0x08000a88   0x00000224   Code   RO         4786    i.rt_hw_hard_fault_exception  cpuport.o
    0x08000cac   0x08000cac   0x00000050   Code   RO         4787    i.rt_hw_stack_init  cpuport.o
    0x08000cfc   0x08000cfc   0x00000020   Code   RO         5083    i.rt_interrupt_enter  irq.o
    0x08000d1c   0x08000d1c   0x00000020   Code   RO         5085    i.rt_interrupt_leave  irq.o
    0x08000d3c   0x08000d3c   0x00000030   Code   RO         5115    i.rt_kprintf        kservice.o
    0x08000d6c   0x08000d6c   0x00000006   Code   RO         5355    i.rt_list_init      scheduler.o
    0x08000d72   0x08000d72   0x00000006   Code   RO         5547    i.rt_list_init      timer.o
    0x08000d78   0x08000d78   0x0000000e   Code   RO         5427    i.rt_list_insert_after  thread.o
    0x08000d86   0x08000d86   0x0000000e   Code   RO         5548    i.rt_list_insert_after  timer.o
    0x08000d94   0x08000d94   0x00000010   Code   RO         5549    i.rt_list_isempty   timer.o
    0x08000da4   0x08000da4   0x00000012   Code   RO         5428    i.rt_list_remove    thread.o
    0x08000db6   0x08000db6   0x00000012   Code   RO         5550    i.rt_list_remove    timer.o
    0x08000dc8   0x08000dc8   0x00000048   Code   RO         5120    i.rt_memset         kservice.o
    0x08000e10   0x08000e10   0x0000002c   Code   RO         5287    i.rt_object_detach  object.o
    0x08000e3c   0x08000e3c   0x00000028   Code   RO         5289    i.rt_object_get_information  object.o
    0x08000e64   0x08000e64   0x00000060   Code   RO         5293    i.rt_object_init    object.o
    0x08000ec4   0x08000ec4   0x00000012   Code   RO         5294    i.rt_object_is_systemobject  object.o
    0x08000ed6   0x08000ed6   0x00000002   PAD
    0x08000ed8   0x08000ed8   0x00000084   Code   RO         5356    i.rt_schedule       scheduler.o
    0x08000f5c   0x08000f5c   0x00000050   Code   RO         5357    i.rt_schedule_insert_thread  scheduler.o
    0x08000fac   0x08000fac   0x00000054   Code   RO         5358    i.rt_schedule_remove_thread  scheduler.o
    0x08001000   0x08001000   0x000000b0   Code   RO         5122    i.rt_show_version   kservice.o
    0x080010b0   0x080010b0   0x00000034   Code   RO         5129    i.rt_strncpy        kservice.o
    0x080010e4   0x080010e4   0x0000004c   Code   RO         5359    i.rt_system_scheduler_init  scheduler.o
    0x08001130   0x08001130   0x00000030   Code   RO         5360    i.rt_system_scheduler_start  scheduler.o
    0x08001160   0x08001160   0x0000001c   Code   RO         5551    i.rt_system_timer_init  timer.o
    0x0800117c   0x0800117c   0x00000002   Code   RO         5552    i.rt_system_timer_thread_init  timer.o
    0x0800117e   0x0800117e   0x00000002   PAD
    0x08001180   0x08001180   0x00000058   Code   RO         5433    i.rt_thread_exit    thread.o
    0x080011d8   0x080011d8   0x00000008   Code   RO         4935    i.rt_thread_idle_entry  idle.o
    0x080011e0   0x080011e0   0x00000002   Code   RO         4936    i.rt_thread_idle_excute  idle.o
    0x080011e2   0x080011e2   0x00000002   PAD
    0x080011e4   0x080011e4   0x0000003c   Code   RO         4938    i.rt_thread_idle_init  idle.o
    0x08001220   0x08001220   0x00000034   Code   RO         5435    i.rt_thread_init    thread.o
    0x08001254   0x08001254   0x0000003c   Code   RO         5437    i.rt_thread_resume  thread.o
    0x08001290   0x08001290   0x0000000c   Code   RO         5438    i.rt_thread_self    thread.o
    0x0800129c   0x0800129c   0x0000002c   Code   RO         5440    i.rt_thread_startup  thread.o
    0x080012c8   0x080012c8   0x00000020   Code   RO         5442    i.rt_thread_timeout  thread.o
    0x080012e8   0x080012e8   0x00000064   Code   RO         5443    i.rt_thread_yield   thread.o
    0x0800134c   0x0800134c   0x0000000c   Code   RO         4824    i.rt_tick_get       clock.o
    0x08001358   0x08001358   0x00000030   Code   RO         4825    i.rt_tick_increase  clock.o
    0x08001388   0x08001388   0x000000a4   Code   RO         5553    i.rt_timer_check    timer.o
    0x0800142c   0x0800142c   0x00000028   Code   RO         5555    i.rt_timer_detach   timer.o
    0x08001454   0x08001454   0x0000002e   Code   RO         5556    i.rt_timer_init     timer.o
    0x08001482   0x08001482   0x00000002   PAD
    0x08001484   0x08001484   0x000000ec   Code   RO         5559    i.rt_timer_start    timer.o
    0x08001570   0x08001570   0x00000030   Code   RO         5560    i.rt_timer_stop     timer.o
    0x080015a0   0x080015a0   0x00000340   Code   RO         5132    i.rt_vsnprintf      kservice.o
    0x080018e0   0x080018e0   0x00000004   Code   RO         4865    i.rti_board_end     components.o
    0x080018e4   0x080018e4   0x00000004   Code   RO         4866    i.rti_board_start   components.o
    0x080018e8   0x080018e8   0x00000004   Code   RO         4867    i.rti_end           components.o
    0x080018ec   0x080018ec   0x00000004   Code   RO         4868    i.rti_start         components.o
    0x080018f0   0x080018f0   0x0000002a   Code   RO         4869    i.rtthread_startup  components.o
    0x0800191a   0x0800191a   0x00000026   Code   RO         5134    i.skip_atoi         kservice.o
    0x08001940   0x08001940   0x00000138   Code   RO          180    i.system_clock_120m_hxtal  system_gd32f30x.o
    0x08001a78   0x08001a78   0x00000008   Code   RO          181    i.system_clock_config  system_gd32f30x.o
    0x08001a80   0x08001a80   0x0000000a   Code   RO         5780    x$fpl$fpinit        fz_wm.l(fpinit.o)
    0x08001a8a   0x08001a8a   0x00000122   Data   RO         5136    .constdata          kservice.o
    0x08001bac   0x08001bac   0x00000004   Data   RO         4871    .rti_fn.0           components.o
    0x08001bb0   0x08001bb0   0x00000004   Data   RO         4872    .rti_fn.0.end       components.o
    0x08001bb4   0x08001bb4   0x00000004   Data   RO         4873    .rti_fn.1.end       components.o
    0x08001bb8   0x08001bb8   0x00000004   Data   RO         4874    .rti_fn.6.end       components.o
    0x08001bbc   0x08001bbc   0x00000020   Data   RO         5836    Region$$Table       anon$$obj.o


    Execution Region RW_IRAM1 (Exec base: 0x20000000, Load base: 0x08001bdc, Size: 0x00000c10, Max: 0x00018000, ABSOLUTE)

    Exec Addr    Load Addr    Size         Type   Attr      Idx    E Section Name        Object

    0x20000000   0x08001bdc   0x00000004   Data   RW          182    .data               system_gd32f30x.o
    0x20000004   0x08001be0   0x00000010   Data   RW         4788    .data               cpuport.o
    0x20000014   0x08001bf0   0x00000004   Data   RW         4827    .data               clock.o
    0x20000018   0x08001bf4   0x00000001   Data   RW         5086    .data               irq.o
    0x20000019   0x08001bf5   0x00000003   PAD
    0x2000001c   0x08001bf8   0x00000040   Data   RW         5296    .data               object.o
    0x2000005c   0x08001c38   0x00000018   Data   RW         5362    .data               scheduler.o
    0x20000074   0x08001c50   0x0000000c   Data   RW         5561    .data               timer.o
    0x20000080        -       0x00000178   Zero   RW         4870    .bss                components.o
    0x200001f8        -       0x000000f8   Zero   RW         4939    .bss                idle.o
    0x200002f0        -       0x00000080   Zero   RW         5135    .bss                kservice.o
    0x20000370        -       0x00000040   Zero   RW         5361    .bss                scheduler.o
    0x200003b0        -       0x00000060   Zero   RW         5710    .bss                c_w.l(libspace.o)
    0x20000410        -       0x00000400   Zero   RW          219    HEAP                startup_gd32f30x_cl.o
    0x20000810        -       0x00000400   Zero   RW          218    STACK               startup_gd32f30x_cl.o


==============================================================================

Image component sizes


      Code (inc. data)   RO Data    RW Data    ZI Data      Debug   Object Name

       100         10          0          0          0       1673   board.o
        60         12          0          4          0       1309   clock.o
       202         38         16          0        376       6592   components.o
       308         28          0          0          0        868   context_rvds.o
       628        342          0         16          0       4374   cpuport.o
        18          0          0          0          0      13215   gd32f30x_it.o
        70         22          0          0        248       2366   idle.o
        64         12          0          1          0       1806   irq.o
      1704        164        290          0        128       9383   kservice.o
         4          0          0          0          0        483   main.o
       198          4          0         64          0       6588   object.o
       526         90          0         24         64       9002   scheduler.o
        64         26        336          0       2048        912   startup_gd32f30x_cl.o
       916         76          0          4          0       3947   system_gd32f30x.o
       580         32          0          0          0      10180   thread.o
       712         18          0         12          0      11689   timer.o

    ----------------------------------------------------------------------
      6166        874        674        128       2864      84387   Object Totals
         0          0         32          0          0          0   (incl. Generated)
        12          0          0          3          0          0   (incl. Padding)

    ----------------------------------------------------------------------

      Code (inc. data)   RO Data    RW Data    ZI Data      Debug   Library Member Name

         8          0          0          0          0         68   __main.o
         0          0          0          0          0          0   __rtentry.o
        12          0          0          0          0          0   __rtentry2.o
         6          0          0          0          0          0   __rtentry4.o
        52          8          0          0          0          0   __scatter.o
        26          0          0          0          0          0   __scatter_copy.o
        28          0          0          0          0          0   __scatter_zi.o
        18          0          0          0          0         80   exit.o
         6          0          0          0          0        152   heapauxi.o
         0          0          0          0          0          0   indicate_semi.o
         2          0          0          0          0          0   libinit.o
         6          0          0          0          0          0   libinit2.o
         2          0          0          0          0          0   libshutdown.o
         2          0          0          0          0          0   libshutdown2.o
         8          4          0          0         96         68   libspace.o
         2          0          0          0          0          0   rtexit.o
        10          0          0          0          0          0   rtexit2.o
        12          4          0          0          0         68   sys_exit.o
        74          0          0          0          0         80   sys_stackheap_outer.o
         2          0          0          0          0         68   use_no_semi.o
        10          0          0          0          0        116   fpinit.o

    ----------------------------------------------------------------------
       292         16          0          0         96        700   Library Totals
         6          0          0          0          0          0   (incl. Padding)

    ----------------------------------------------------------------------

      Code (inc. data)   RO Data    RW Data    ZI Data      Debug   Library Name

       276         16          0          0         96        584   c_w.l
        10          0          0          0          0        116   fz_wm.l

    ----------------------------------------------------------------------
       292         16          0          0         96        700   Library Totals

    ----------------------------------------------------------------------

==============================================================================


      Code (inc. data)   RO Data    RW Data    ZI Data      Debug   

      6458        890        674        128       2960      77631   Grand Totals
      6458        890        674        128       2960      77631   ELF Image Totals
      6458        890        674        128          0          0   ROM Totals

==============================================================================

    Total RO  Size (Code + RO Data)                 7132 (   6.96kB)
    Total RW  Size (RW Data + ZI Data)              3088 (   3.02kB)
    Total ROM Size (Code + RO Data + RW Data)       7260 (   7.09kB)

==============================================================================

