<html>
<body>
<pre>
<h1>µVision Build Log</h1>
<h2>Tool Versions:</h2>
IDE-Version: ¦ÌVision V5.26.2.0
Copyright (C) 2018 ARM Ltd and ARM Germany GmbH. All rights reserved.
License Information: cheng dell, cheng, LIC=AK1BF-6Q9DY-8YAVV-P11AE-7DGAM-BFK9L
 
Tool Versions:
Toolchain:       MDK-ARM Professional  Version: 5.26.2.0
Toolchain Path:  D:\MDK5\KEIL_ARM\ARM\ARMCC\Bin
C Compiler:      Armcc.exe V5.06 update 6 (build 750)
Assembler:       Armasm.exe V5.06 update 6 (build 750)
Linker/Locator:  ArmLink.exe V5.06 update 6 (build 750)
Library Manager: ArmAr.exe V5.06 update 6 (build 750)
Hex Converter:   FromElf.exe V5.06 update 6 (build 750)
CPU DLL:         SARMCM3.DLL V5.26.2.0
Dialog DLL:      DCM.DLL V1.17.2.0
Target DLL:      UL2CM3.DLL V1.161.6.0
Dialog DLL:      TCM.DLL V1.36.1.0
 
<h2>Project:</h2>
E:\WORKING_2022\9.RT_Thread_Git\5¡¢Project\2¡¢GD32F307_RTOS\Project\GD32F307_Demo.uvprojx
Project File Date:  04/22/2023

<h2>Output:</h2>
*** Using Compiler 'V5.06 update 6 (build 750)', folder: 'D:\MDK5\KEIL_ARM\ARM\ARMCC\Bin'
Rebuild target 'Target 1'
assembling startup_gd32f30x_cl.s...
compiling system_gd32f30x.c...
compiling gd32f30x_crc.c...
compiling Sys.c...
compiling gd32f30x_it.c...
compiling gd32f30x_can.c...
compiling gd32f30x_adc.c...
compiling gd32f30x_bkp.c...
compiling gd32f30x_ctc.c...
compiling gd32f30x_dac.c...
compiling gd32f30x_dbg.c...
compiling gd32f30x_exti.c...
compiling gd32f30x_dma.c...
compiling gd32f30x_fmc.c...
compiling gd32f30x_fwdgt.c...
compiling gd32f30x_exmc.c...
compiling gd32f30x_enet.c...
compiling gd32f30x_gpio.c...
compiling gd32f30x_misc.c...
compiling gd32f30x_i2c.c...
compiling gd32f30x_pmu.c...
compiling gd32f30x_rtc.c...
compiling gd32f30x_rcu.c...
compiling board.c...
assembling context_rvds.S...
compiling gd32f30x_sdio.c...
compiling gd32f30x_usart.c...
compiling clock.c...
compiling gd32f30x_wwdgt.c...
compiling cpu.c...
compiling gd32f30x_timer.c...
compiling components.c...
compiling cpuport.c...
compiling gd32f30x_spi.c...
compiling idle.c...
compiling irq.c...
compiling mem.c...
compiling memheap.c...
compiling ipc.c...
compiling mempool.c...
compiling object.c...
compiling kservice.c...
compiling slab.c...
compiling timer.c...
compiling scheduler.c...
compiling thread.c...
compiling main.c...
linking...
Program Size: Code=6458 RO-data=674 RW-data=128 ZI-data=2960  
".\Objects\GD32F307_Demo.axf" - 0 Error(s), 0 Warning(s).

<h2>Software Packages used:</h2>

Package Vendor: GigaDevice
                https://gd32mcu.com/data/documents/pack/GigaDevice.GD32F30x_DFP.2.2.3.pack
                GigaDevice.GD32F30x_DFP.2.2.3
                GigaDevice GD32F30x Series Device Support and Examples

<h2>Collection of Component include folders:</h2>
  .\RTE\_Target_1
  D:\MDK5\KEIL_ARM\ARM\PACK\GigaDevice\GD32F30x_DFP\2.2.3\Device\Include

<h2>Collection of Component Files used:</h2>
Build Time Elapsed:  00:00:05
</pre>
</body>
</html>
